BL51 BANKED LINKER/LOCATER V6.22.2.0                                                    03/24/2021  20:14:17  PAGE 1


BL51 BANKED LINKER/LOCATER V6.22.2.0, INVOKED BY:
C:\KEIL_V5\C51\BIN\BL51.EXE .\hex\Principal_MF.obj, .\hex\wiegand.obj, .\hex\uart.obj, .\hex\display.obj TO .\hex\print_
>> wiegand_33 PRINT (.\print_wiegand_33.m51) RAMSIZE (256)


MEMORY MODEL: LARGE


INPUT MODULES INCLUDED:
  .\hex\Principal_MF.obj (PRINCIPAL_MF)
  .\hex\wiegand.obj (WIEGAND)
  .\hex\uart.obj (UART)
  .\hex\display.obj (DISPLAY)
  C:\KEIL_V5\C51\LIB\C51L.LIB (?C_STARTUP)
  C:\KEIL_V5\C51\LIB\C51L.LIB (?C?COPY)
  C:\KEIL_V5\C51\LIB\C51L.LIB (?C?CLDOPTR)
  C:\KEIL_V5\C51\LIB\C51L.LIB (?C?LSTXDATA)
  C:\KEIL_V5\C51\LIB\C51L.LIB (?C?LSTKXDATA)
  C:\KEIL_V5\C51\LIB\C51L.LIB (PRINTF)
  C:\KEIL_V5\C51\LIB\C51L.LIB (?C_INIT)
  C:\KEIL_V5\C51\LIB\C51L.LIB (?C?CLDPTR)
  C:\KEIL_V5\C51\LIB\C51L.LIB (?C?CSTPTR)
  C:\KEIL_V5\C51\LIB\C51L.LIB (?C?PLDIXDATA)
  C:\KEIL_V5\C51\LIB\C51L.LIB (?C?PSTXDATA)
  C:\KEIL_V5\C51\LIB\C51L.LIB (?C?CCASE)
  C:\KEIL_V5\C51\LIB\C51L.LIB (PUTCHAR)


LINK MAP OF MODULE:  .\hex\print_wiegand_33 (PRINCIPAL_MF)


            TYPE    BASE      LENGTH    RELOCATION   SEGMENT NAME
            -----------------------------------------------------

            * * * * * * *   D A T A   M E M O R Y   * * * * * * *
            REG     0000H     0008H     ABSOLUTE     "REG BANK 0"
            REG     0008H     0008H     ABSOLUTE     "REG BANK 1"
            DATA    0010H     0005H     UNIT         _DATA_GROUP_
                    0015H     000BH                  *** GAP ***
            BIT     0020H.0   0004H.6   UNIT         ?BI?PRINCIPAL_MF
            BIT     0024H.6   0001H.1   UNIT         _BIT_GROUP_
                    0025H.7   0000H.1                *** GAP ***
            IDATA   0026H     0001H     UNIT         ?STACK

            * * * * * * *  X D A T A   M E M O R Y  * * * * * * *
            XDATA   0000H     0203H     UNIT         ?XD?PRINCIPAL_MF
            XDATA   0203H     009BH     UNIT         _XDATA_GROUP_
            XDATA   029EH     002CH     UNIT         ?XD?WIEGAND

            * * * * * * *   C O D E   M E M O R Y   * * * * * * *
            CODE    0000H     0003H     ABSOLUTE     
            CODE    0003H     0003H     ABSOLUTE     
            CODE    0006H     000CH     UNIT         ?PR?INICIA_WIEGAND?WIEGAND
            CODE    0012H     0001H     UNIT         ?PR?WAIT?DISPLAY
            CODE    0013H     0003H     ABSOLUTE     
            CODE    0016H     000CH     UNIT         ?PR?_LCD_TEXT?DISPLAY
                    0022H     0001H                  *** GAP ***
            CODE    0023H     0003H     ABSOLUTE     
BL51 BANKED LINKER/LOCATER V6.22.2.0                                                  03/24/2021  20:14:17  PAGE 2


            CODE    0026H     21F8H     UNIT         ?PR?MAIN?PRINCIPAL_MF
            CODE    221EH     137DH     UNIT         ?PR?ATENCCOMSOFT?PRINCIPAL_MF
            CODE    359BH     049CH     UNIT         ?PR?COM_ISR?UART
            CODE    3A37H     0365H     UNIT         ?PR?PRINTF?PRINTF
            CODE    3D9CH     01D1H     UNIT         ?C?LIB_CODE
            CODE    3F6DH     01ACH     UNIT         ?C_INITSEG
            CODE    4119H     011AH     UNIT         ?PR?RX_BUS?PRINCIPAL_MF
            CODE    4233H     00F3H     UNIT         ?CO?PRINCIPAL_MF
            CODE    4326H     00D6H     UNIT         ?PR?_SENDMSG?PRINCIPAL_MF
            CODE    43FCH     00B0H     UNIT         ?PR?_BITS_WIEGAND_HEX?WIEGAND
            CODE    44ACH     00A7H     UNIT         ?PR?_TX_BUS?PRINCIPAL_MF
            CODE    4553H     009EH     UNIT         ?PR?LCD_WIEGAND?WIEGAND
            CODE    45F1H     008CH     UNIT         ?C_C51STARTUP
            CODE    467DH     0073H     UNIT         ?PR?_SEND_DATACLK?PRINCIPAL_MF
            CODE    46F0H     0047H     UNIT         ?PR?PRG_DISP?DISPLAY
            CODE    4737H     003DH     UNIT         ?PR?EX0_ISR?WIEGAND
            CODE    4774H     003DH     UNIT         ?PR?EX1_ISR?WIEGAND
            CODE    47B1H     0034H     UNIT         ?CO?WIEGAND
            CODE    47E5H     0033H     UNIT         ?PR?LIMPIA_DATA?WIEGAND
            CODE    4818H     002EH     UNIT         ?PR?RELAYIO?DISPLAY
            CODE    4846H     002BH     UNIT         ?PR?_VDATA_CLK?PRINCIPAL_MF
            CODE    4871H     002AH     UNIT         ?PR?_LCD_PUTS?DISPLAY
            CODE    489BH     002AH     UNIT         ?PR?VE_DIR?DISPLAY
            CODE    48C5H     0029H     UNIT         ?PR?AJUSTA_CODE?WIEGAND
            CODE    48EEH     0028H     UNIT         ?PR?_SENDRTABUS?PRINCIPAL_MF
            CODE    4916H     0027H     UNIT         ?PR?_LCD_GOTOXY?DISPLAY
            CODE    493DH     0027H     UNIT         ?PR?PUTCHAR?PUTCHAR
            CODE    4964H     0024H     UNIT         ?PR?RELEVOS_AUX?PRINCIPAL_MF
            CODE    4988H     001CH     UNIT         ?PR?ID_ACCESS?WIEGAND
            CODE    49A4H     001CH     UNIT         ?PR?_ESCRIBIRCADENASOFT?UART
            CODE    49C0H     001AH     UNIT         ?PR?BORRALCD_L1?DISPLAY
            CODE    49DAH     001AH     UNIT         ?PR?BORRALCD_L2?DISPLAY
            CODE    49F4H     0019H     UNIT         ?PR?COM_INITIALIZE?UART
            CODE    4A0DH     0019H     UNIT         ?PR?_VDATO?DISPLAY
            CODE    4A26H     0017H     UNIT         ?PR?BORRA?DISPLAY
            CODE    4A3DH     0016H     UNIT         ?PR?PULSO?DISPLAY
            CODE    4A53H     0016H     UNIT         ?PR?_CONT?DISPLAY
            CODE    4A69H     0015H     UNIT         ?PR?_WAIT_LONG1?DISPLAY
            CODE    4A7EH     0015H     UNIT         ?PR?WAIT_LONG?DISPLAY
            CODE    4A93H     0013H     UNIT         ?PR?PULSO_BUS?PRINCIPAL_MF
            CODE    4AA6H     0012H     UNIT         ?PR?WAIT_ANCHO?DISPLAY
            CODE    4AB8H     0008H     UNIT         ?PR?_TX_CHR?UART
            CODE    4AC0H     0006H     UNIT         ?PR?BORRA_ALL?DISPLAY
            CODE    4AC6H     0005H     UNIT         ?PR?INI_EX0?WIEGAND
            CODE    4ACBH     0005H     UNIT         ?PR?INI_EX1?WIEGAND
            CODE    4AD0H     0003H     UNIT         ?PR?ON_INI_EX0_EX1?WIEGAND



OVERLAY MAP OF MODULE:   .\hex\print_wiegand_33 (PRINCIPAL_MF)


SEGMENT                                   BIT_GROUP          DATA_GROUP          XDATA_GROUP
  +--> CALLED SEGMENT                  START    LENGTH     START    LENGTH     START    LENGTH
----------------------------------------------------------------------------------------------
?PR?COM_ISR?UART                       -----    -----      -----    -----      -----    -----
  +--> ?PR?_TX_CHR?UART
BL51 BANKED LINKER/LOCATER V6.22.2.0                                                  03/24/2021  20:14:17  PAGE 3



*** NEW ROOT ***************************************************

?C_C51STARTUP                          -----    -----      -----    -----      -----    -----
  +--> ?PR?MAIN?PRINCIPAL_MF
  +--> ?C_INITSEG

?PR?MAIN?PRINCIPAL_MF                  -----    -----      -----    -----      0203H    005BH
  +--> ?CO?PRINCIPAL_MF
  +--> ?PR?COM_INITIALIZE?UART
  +--> ?PR?INICIA_WIEGAND?WIEGAND
  +--> ?PR?PRG_DISP?DISPLAY
  +--> ?PR?_LCD_TEXT?DISPLAY
  +--> ?PR?_CONT?DISPLAY
  +--> ?PR?_LCD_PUTS?DISPLAY
  +--> ?PR?VE_DIR?DISPLAY
  +--> ?PR?ID_ACCESS?WIEGAND
  +--> ?PR?LIMPIA_DATA?WIEGAND
  +--> ?PR?_TX_BUS?PRINCIPAL_MF
  +--> ?PR?ATENCCOMSOFT?PRINCIPAL_MF
  +--> ?PR?_SENDRTABUS?PRINCIPAL_MF
  +--> ?PR?RX_BUS?PRINCIPAL_MF
  +--> ?PR?_VDATO?DISPLAY
  +--> ?PR?_WAIT_LONG1?DISPLAY
  +--> ?PR?_VDATA_CLK?PRINCIPAL_MF
  +--> ?PR?LCD_WIEGAND?WIEGAND
  +--> ?PR?BORRALCD_L1?DISPLAY
  +--> ?PR?BORRALCD_L2?DISPLAY
  +--> ?PR?_TX_CHR?UART
  +--> ?PR?RELEVOS_AUX?PRINCIPAL_MF

?PR?INICIA_WIEGAND?WIEGAND             -----    -----      -----    -----      -----    -----
  +--> ?PR?INI_EX0?WIEGAND
  +--> ?PR?INI_EX1?WIEGAND
  +--> ?PR?ON_INI_EX0_EX1?WIEGAND
  +--> ?PR?LIMPIA_DATA?WIEGAND

?PR?PRG_DISP?DISPLAY                   -----    -----      -----    -----      -----    -----
  +--> ?PR?WAIT_LONG?DISPLAY
  +--> ?PR?PULSO?DISPLAY
  +--> ?PR?_CONT?DISPLAY
  +--> ?PR?BORRA?DISPLAY
  +--> ?PR?WAIT?DISPLAY
  +--> ?PR?RELAYIO?DISPLAY

?PR?WAIT_LONG?DISPLAY                  -----    -----      -----    -----      -----    -----
  +--> ?PR?PULSO?DISPLAY
  +--> ?PR?WAIT?DISPLAY

?PR?PULSO?DISPLAY                      -----    -----      -----    -----      -----    -----
  +--> ?PR?RELAYIO?DISPLAY

?PR?_CONT?DISPLAY                      -----    -----      -----    -----      -----    -----
  +--> ?PR?PULSO?DISPLAY

?PR?BORRA?DISPLAY                      -----    -----      -----    -----      -----    -----
  +--> ?PR?_CONT?DISPLAY
BL51 BANKED LINKER/LOCATER V6.22.2.0                                                  03/24/2021  20:14:17  PAGE 4


  +--> ?PR?WAIT?DISPLAY

?PR?_LCD_TEXT?DISPLAY                  -----    -----      -----    -----      -----    -----
  +--> ?PR?_LCD_GOTOXY?DISPLAY
  +--> ?PR?_LCD_PUTS?DISPLAY

?PR?_LCD_GOTOXY?DISPLAY                -----    -----      -----    -----      -----    -----
  +--> ?PR?_CONT?DISPLAY

?PR?_LCD_PUTS?DISPLAY                  -----    -----      -----    -----      027BH    0003H
  +--> ?PR?_VDATO?DISPLAY

?PR?_VDATO?DISPLAY                     -----    -----      -----    -----      -----    -----
  +--> ?PR?WAIT?DISPLAY
  +--> ?PR?PULSO?DISPLAY

?PR?VE_DIR?DISPLAY                     -----    -----      -----    -----      -----    -----
  +--> ?PR?WAIT_LONG?DISPLAY
  +--> ?PR?_CONT?DISPLAY
  +--> ?PR?_VDATO?DISPLAY

?PR?ID_ACCESS?WIEGAND                  -----    -----      -----    -----      -----    -----
  +--> ?PR?AJUSTA_CODE?WIEGAND
  +--> ?PR?LCD_WIEGAND?WIEGAND

?PR?AJUSTA_CODE?WIEGAND                -----    -----      -----    -----      -----    -----
  +--> ?PR?_BITS_WIEGAND_HEX?WIEGAND

?PR?_BITS_WIEGAND_HEX?WIEGAND          -----    -----      -----    -----      025EH    001DH
  +--> ?CO?WIEGAND
  +--> ?PR?_CONT?DISPLAY
  +--> ?PR?_LCD_PUTS?DISPLAY

?PR?LCD_WIEGAND?WIEGAND                -----    -----      -----    -----      025EH    0018H
  +--> ?CO?WIEGAND
  +--> ?PR?BORRA_ALL?DISPLAY
  +--> ?PR?_CONT?DISPLAY
  +--> ?PR?_LCD_PUTS?DISPLAY
  +--> ?PR?PRINTF?PRINTF
  +--> ?PR?_VDATO?DISPLAY

?PR?BORRA_ALL?DISPLAY                  -----    -----      -----    -----      -----    -----
  +--> ?PR?BORRALCD_L1?DISPLAY
  +--> ?PR?BORRALCD_L2?DISPLAY

?PR?BORRALCD_L1?DISPLAY                -----    -----      -----    -----      -----    -----
  +--> ?PR?_CONT?DISPLAY
  +--> ?PR?_VDATO?DISPLAY

?PR?BORRALCD_L2?DISPLAY                -----    -----      -----    -----      -----    -----
  +--> ?PR?_CONT?DISPLAY
  +--> ?PR?_VDATO?DISPLAY

?PR?PRINTF?PRINTF                      0024H.6  0001H.1    0010H    0005H      0276H    0028H
  +--> ?PR?PUTCHAR?PUTCHAR

?PR?_TX_BUS?PRINCIPAL_MF               0024H.6  0000H.1    -----    -----      0261H    0006H
BL51 BANKED LINKER/LOCATER V6.22.2.0                                                  03/24/2021  20:14:17  PAGE 5


  +--> ?PR?PULSO_BUS?PRINCIPAL_MF
  +--> ?PR?WAIT_LONG?DISPLAY

?PR?PULSO_BUS?PRINCIPAL_MF             -----    -----      -----    -----      -----    -----
  +--> ?PR?WAIT_ANCHO?DISPLAY

?PR?WAIT_ANCHO?DISPLAY                 -----    -----      -----    -----      -----    -----
  +--> ?PR?WAIT?DISPLAY

?PR?ATENCCOMSOFT?PRINCIPAL_MF          -----    -----      -----    -----      025EH    0002H
  +--> ?PR?_TX_CHR?UART
  +--> ?PR?_TX_BUS?PRINCIPAL_MF
  +--> ?PR?_SEND_DATACLK?PRINCIPAL_MF
  +--> ?PR?_ESCRIBIRCADENASOFT?UART
  +--> ?PR?PRG_DISP?DISPLAY
  +--> ?PR?_CONT?DISPLAY
  +--> ?PR?_VDATO?DISPLAY
  +--> ?PR?_SENDRTABUS?PRINCIPAL_MF
  +--> ?PR?_SENDMSG?PRINCIPAL_MF

?PR?_SEND_DATACLK?PRINCIPAL_MF         -----    -----      -----    -----      0260H    0004H

?PR?_ESCRIBIRCADENASOFT?UART           -----    -----      -----    -----      -----    -----
  +--> ?PR?_TX_CHR?UART

?PR?_SENDRTABUS?PRINCIPAL_MF           -----    -----      -----    -----      0260H    0001H
  +--> ?PR?_TX_BUS?PRINCIPAL_MF

?PR?_SENDMSG?PRINCIPAL_MF              -----    -----      -----    -----      0260H    0001H
  +--> ?PR?_TX_BUS?PRINCIPAL_MF

?PR?RX_BUS?PRINCIPAL_MF                -----    -----      -----    -----      025EH    0006H

?PR?_WAIT_LONG1?DISPLAY                -----    -----      -----    -----      -----    -----
  +--> ?PR?WAIT?DISPLAY

?PR?_VDATA_CLK?PRINCIPAL_MF            -----    -----      -----    -----      025EH    0001H
  +--> ?PR?_VDATO?DISPLAY



SYMBOL TABLE OF MODULE:  .\hex\print_wiegand_33 (PRINCIPAL_MF)

  VALUE           TYPE          NAME
  ----------------------------------

  -------         MODULE        PRINCIPAL_MF
  C:0000H         SYMBOL        _ICE_DUMMY_
  B:0020H.0       PUBLIC        Tx_Acceso
  X:0000H         PUBLIC        tarjeta_venc
  D:0080H         PUBLIC        P0
  D:0090H         PUBLIC        P1
  D:00A0H         PUBLIC        P2
  X:0011H         PUBLIC        err_in
  D:00B0H         PUBLIC        P3
  X:0022H         PUBLIC        Cod_Dcto
  C:4694H         PUBLIC        _send_dataCLK
BL51 BANKED LINKER/LOCATER V6.22.2.0                                                  03/24/2021  20:14:17  PAGE 6


  X:0023H         PUBLIC        TimeOut_Codigo
  X:0025H         PUBLIC        err_out
  B:0020H.1       PUBLIC        toggle
  B:0020H.2       PUBLIC        rx_dat
  B:0020H.3       PUBLIC        notifyEVP
  X:0036H         PUBLIC        matchPlate
  X:0047H         PUBLIC        linea
  X:0058H         PUBLIC        Ini_Dcto
  B:0020H.4       PUBLIC        Send_Tipo_Veh
  X:0059H         PUBLIC        g_cRelevos
  B:0020H.5       PUBLIC        Dato_OffLine
  X:005AH         PUBLIC        buffer_wieLPR
  B:0020H.6       PUBLIC        SerieOK
  X:005EH         PUBLIC        err_gracia
  C:4119H         PUBLIC        rx_bus
  B:0020H.7       PUBLIC        Tiquete_Salida
  B:00B0H.4       PUBLIC        ready
  C:44B4H         PUBLIC        _tx_bus
  X:006FH         PUBLIC        serie
  X:0080H         PUBLIC        err_Caja
  B:0021H.0       PUBLIC        Dif_Mot_Car
  X:0091H         PUBLIC        len_buffer
  X:0092H         PUBLIC        g_scArrDisplay
  X:00B2H         PUBLIC        err_sinpago
  C:4A93H         PUBLIC        Pulso_Bus
  B:0021H.1       PUBLIC        Central_ID_OFFLINE
  X:00C3H         PUBLIC        err_mifare
  X:00D4H         PUBLIC        g_cContByteRx
  B:0021H.2       PUBLIC        Atascado
  C:0026H         PUBLIC        main
  B:0021H.3       PUBLIC        SalidaW
  B:0021H.4       PUBLIC        Tiquete_Placa
  X:00D5H         PUBLIC        NumDatosPlate
  X:00D6H         PUBLIC        buffer_bus
  B:0021H.5       PUBLIC        send_markCashierAut
  B:0021H.6       PUBLIC        OrigenTipoVeh
  B:0021H.7       PUBLIC        sendactive
  B:0090H.4       PUBLIC        ledv
  C:221EH         PUBLIC        AtencComSoft
  C:4846H         PUBLIC        _vdata_clk
  B:0022H.0       PUBLIC        RetryCmd
  B:0022H.1       PUBLIC        Send_Wiegand
  B:00B0H.7       PUBLIC        SignalAcceso
  C:4326H         PUBLIC        _SendMsg
  C:4964H         PUBLIC        relevos_aux
  D:0089H         PUBLIC        TMOD
  X:00F4H         PUBLIC        g_cDirBoard
  X:00F5H         PUBLIC        temp
  X:00F6H         PUBLIC        TimeOutLinea
  B:0022H.2       PUBLIC        Off_Line_Salida
  B:0022H.3       PUBLIC        retry
  B:0022H.4       PUBLIC        lectura_wiegand
  X:00F7H         PUBLIC        NumChrTicket
  B:0022H.5       PUBLIC        bandera_rx_soft
  X:00F8H         PUBLIC        xTipo_Vehiculo
  B:0022H.6       PUBLIC        txACK
  X:00F9H         PUBLIC        seg
BL51 BANKED LINKER/LOCATER V6.22.2.0                                                  03/24/2021  20:14:17  PAGE 7


  X:00FAH         PUBLIC        TimeRetryCmd
  X:00FBH         PUBLIC        MonthIn
  C:42D1H         SYMBOL        _?ix1000
  B:0022H.7       PUBLIC        inicio_wiegand
  X:00FCH         PUBLIC        Tipo_Vehiculo
  X:00FDH         PUBLIC        MonthOut
  C:42E2H         SYMBOL        _?ix1001
  C:42F3H         SYMBOL        _?ix1002
  B:00B0H.5       PUBLIC        busy
  C:4304H         SYMBOL        _?ix1003
  B:0023H.0       PUBLIC        audio1
  C:4315H         SYMBOL        _?ix1004
  B:0023H.1       PUBLIC        audio2
  X:00FEH         PUBLIC        err_data
  B:0023H.2       PUBLIC        audio3
  X:010FH         PUBLIC        MinutIn
  B:0023H.3       PUBLIC        audio4
  X:0110H         PUBLIC        MinutOut
  X:0111H         PUBLIC        sin_sensor
  B:0088H.5       PUBLIC        TF0
  X:0122H         PUBLIC        YearIn
  D:008CH         PUBLIC        TH0
  X:0123H         PUBLIC        YearOut
  B:0023H.4       PUBLIC        Dato_Placa
  B:0023H.5       PUBLIC        ACCESO_USE_LPR
  X:0124H         PUBLIC        num_data
  X:0125H         PUBLIC        g_cEstadoComSoft
  X:0126H         PUBLIC        Rechazo
  D:008AH         PUBLIC        TL0
  X:0127H         PUBLIC        g_scArrRxComSoft
  X:0163H         PUBLIC        g_scArrTxComSoft
  B:0023H.6       PUBLIC        msg_error
  B:0088H.4       PUBLIC        TR0
  X:0195H         PUBLIC        DayIn
  B:0023H.7       PUBLIC        Habilita_Lectura
  X:0196H         PUBLIC        HourIn
  X:0197H         PUBLIC        DayOut
  B:0024H.0       PUBLIC        ErrorTx
  B:0024H.1       PUBLIC        InhabilitaPulsoEvPOut
  X:0198H         PUBLIC        HourOut
  X:0199H         PUBLIC        MSGnegado
  X:01AAH         PUBLIC        Ini_Fecha
  X:01ABH         PUBLIC        Seg_OFF
  B:0090H.6       PUBLIC        lock1
  B:0090H.5       PUBLIC        lock2
  C:48EEH         PUBLIC        _SendRtaBus
  X:01ACH         PUBLIC        Num_Char_LPR
  B:0024H.2       PUBLIC        FueraLinea
  X:01ADH         PUBLIC        buffer_placa
  X:01B7H         PUBLIC        err_cod
  B:0024H.3       PUBLIC        rx_serie
  X:01C8H         PUBLIC        buffer_ticket
  X:01DCH         PUBLIC        NumDatRetry
  B:0090H.7       PUBLIC        automovil
  B:00B0H.6       PUBLIC        bus_clk
  B:0024H.4       PUBLIC        Flag_Dcto
  X:01DDH         PUBLIC        TimeOut_Send_Acceso
BL51 BANKED LINKER/LOCATER V6.22.2.0                                                  03/24/2021  20:14:17  PAGE 8


  X:01DFH         PUBLIC        k
  X:01E0H         PUBLIC        Max_Len_Placa
  X:01E1H         PUBLIC        TimeOut_Wiegand
  X:01E3H         PUBLIC        num_chr
  B:0024H.5       PUBLIC        datos_validos
  X:01E4H         PUBLIC        buffer_Cupo
  X:01E9H         PUBLIC        BufferRetry
  X:01FDH         PUBLIC        iTimeEsperaRtaLPR
  X:01FFH         PUBLIC        OpenMensual_Apx
  B:0080H.0       PUBLIC        msg1
  X:0201H         PUBLIC        nbitsW
  B:0080H.1       PUBLIC        msg2
  X:0202H         PUBLIC        g_cEstadoTxSoft
  B:0080H.2       PUBLIC        msg3
  B:0080H.3       PUBLIC        msg4
  -------         PROC          PULSO_BUS
  C:4A93H         LINE#         260
  C:4A93H         LINE#         261
  C:4A93H         LINE#         262
  C:4A95H         LINE#         263
  C:4A98H         LINE#         264
  C:4A9BH         LINE#         265
  C:4A9EH         LINE#         266
  C:4AA0H         LINE#         267
  C:4AA3H         LINE#         268
  -------         ENDPROC       PULSO_BUS
  C:44AEH         SYMBOL        L?0767
  -------         PROC          L?0766
  -------         ENDPROC       L?0766
  C:44AEH         SYMBOL        L?0767
  -------         PROC          _TX_BUS
  X:0261H         SYMBOL        num_chr
  -------         DO            
  X:0262H         SYMBOL        j
  X:0263H         SYMBOL        cont
  B:0024H.6       SYMBOL        timeOut
  -------         ENDDO         
  C:44B4H         LINE#         272
  C:44B9H         LINE#         273
  C:44B9H         LINE#         278
  C:44BBH         LINE#         279
  C:44BDH         LINE#         280
  C:44BFH         LINE#         281
  C:44C9H         LINE#         283
  C:44CFH         LINE#         284
  C:44CFH         LINE#         285
  C:44F3H         LINE#         286
  C:4507H         LINE#         287
  C:4507H         LINE#         288
  C:4509H         LINE#         289
  C:450BH         LINE#         290
  C:450DH         LINE#         291
  C:450FH         LINE#         292
  C:450FH         LINE#         293
  C:4511H         LINE#         295
  C:4514H         LINE#         296
  C:4514H         LINE#         297
BL51 BANKED LINKER/LOCATER V6.22.2.0                                                  03/24/2021  20:14:17  PAGE 9


  C:4525H         LINE#         298
  C:4525H         LINE#         299
  C:4532H         LINE#         300
  C:4535H         LINE#         301
  C:453DH         LINE#         303
  C:453DH         LINE#         305
  C:453FH         LINE#         307
  C:4541H         LINE#         309
  C:4544H         LINE#         310
  C:4544H         LINE#         311
  C:4547H         LINE#         312
  C:454AH         LINE#         313
  C:454DH         LINE#         314
  C:4550H         LINE#         316
  C:4550H         LINE#         317
  C:4552H         LINE#         318
  -------         ENDPROC       _TX_BUS
  C:4687H         SYMBOL        L?0765
  -------         PROC          L?0764
  -------         ENDPROC       L?0764
  C:4687H         SYMBOL        L?0765
  -------         PROC          _SEND_DATACLK
  D:0007H         SYMBOL        fc
  X:0260H         SYMBOL        dir
  -------         DO            
  X:0262H         SYMBOL        valor
  D:0006H         SYMBOL        centena
  D:0005H         SYMBOL        decena
  D:0004H         SYMBOL        unidad
  -------         ENDDO         
  C:4694H         LINE#         324
  C:469CH         LINE#         325
  C:469CH         LINE#         328
  C:46A1H         LINE#         330
  C:46A2H         LINE#         331
  C:46A3H         LINE#         332
  C:46A4H         LINE#         334
  C:46AEH         LINE#         335
  C:46AEH         LINE#         336
  C:46B2H         LINE#         337
  C:46B3H         LINE#         338
  C:46B5H         LINE#         339
  C:46BFH         LINE#         340
  C:46BFH         LINE#         341
  C:46C3H         LINE#         342
  C:46C4H         LINE#         343
  C:46C6H         LINE#         344
  C:46C8H         LINE#         347
  C:46DFH         LINE#         348
  C:46EFH         LINE#         349
  -------         ENDPROC       _SEND_DATACLK
  -------         PROC          RELEVOS_AUX
  C:4964H         LINE#         352
  C:4964H         LINE#         353
  C:4964H         LINE#         354
  C:496DH         LINE#         355
  C:4976H         LINE#         356
BL51 BANKED LINKER/LOCATER V6.22.2.0                                                  03/24/2021  20:14:17  PAGE 10


  C:497FH         LINE#         357
  C:4987H         LINE#         358
  -------         ENDPROC       RELEVOS_AUX
  -------         PROC          RX_BUS
  -------         DO            
  X:025EH         SYMBOL        count
  X:0262H         SYMBOL        timeOut
  X:0263H         SYMBOL        j
  -------         ENDDO         
  C:4119H         LINE#         361
  C:4119H         LINE#         362
  C:4119H         LINE#         364
  C:411EH         LINE#         368
  C:4120H         LINE#         369
  C:4124H         LINE#         370
  C:412AH         LINE#         371
  C:412AH         LINE#         372
  C:412EH         LINE#         373
  C:4130H         LINE#         374
  C:4142H         LINE#         375
  C:4142H         LINE#         376
  C:414CH         LINE#         377
  C:4158H         LINE#         378
  C:4158H         LINE#         379
  C:417CH         LINE#         380
  C:4190H         LINE#         381
  C:4190H         LINE#         382
  C:4193H         LINE#         383
  C:4197H         LINE#         384
  C:4197H         LINE#         385
  C:4199H         LINE#         386
  C:41A8H         LINE#         387
  C:41A8H         LINE#         388
  C:41B6H         LINE#         389
  C:41BCH         LINE#         390
  C:41C6H         LINE#         391
  C:41CFH         LINE#         392
  C:41CFH         LINE#         393
  C:41DDH         LINE#         394
  C:4201H         LINE#         395
  C:4215H         LINE#         396
  C:4215H         LINE#         397
  C:4218H         LINE#         398
  C:421CH         LINE#         399
  C:421CH         LINE#         400
  C:421EH         LINE#         401
  C:421EH         LINE#         402
  C:4221H         LINE#         403
  C:4221H         LINE#         404
  C:4227H         LINE#         405
  C:4227H         LINE#         406
  C:4230H         LINE#         407
  C:4230H         LINE#         408
  C:4232H         LINE#         410
  -------         ENDPROC       RX_BUS
  -------         PROC          _VDATA_CLK
  X:025EH         SYMBOL        data_clk
BL51 BANKED LINKER/LOCATER V6.22.2.0                                                  03/24/2021  20:14:17  PAGE 11


  -------         DO            
  D:0006H         SYMBOL        temp
  -------         ENDDO         
  C:4846H         LINE#         416
  C:484BH         LINE#         417
  C:484BH         LINE#         421
  C:484DH         LINE#         422
  C:4850H         LINE#         423
  C:485DH         LINE#         424
  C:4860H         LINE#         425
  C:4863H         LINE#         427
  C:4869H         LINE#         428
  C:486BH         LINE#         429
  C:486EH         LINE#         430
  -------         ENDPROC       _VDATA_CLK
  -------         PROC          _SENDMSG
  D:0007H         SYMBOL        tipo
  -------         DO            
  X:0260H         SYMBOL        i
  -------         ENDDO         
  C:4326H         LINE#         435
  C:4326H         LINE#         436
  C:4326H         LINE#         440
  C:432CH         LINE#         441
  C:4334H         LINE#         442
  C:4334H         LINE#         443
  C:4334H         LINE#         444
  C:433AH         LINE#         446
  C:433CH         LINE#         449
  C:433CH         LINE#         450
  C:4342H         LINE#         452
  C:4342H         LINE#         453
  C:4342H         LINE#         455
  C:4355H         LINE#         456
  C:4355H         LINE#         457
  C:436EH         LINE#         458
  C:4376H         LINE#         459
  C:437CH         LINE#         463
  C:437FH         LINE#         464
  C:437FH         LINE#         465
  C:4386H         LINE#         466
  C:4389H         LINE#         467
  C:4389H         LINE#         468
  C:439BH         LINE#         469
  C:439BH         LINE#         470
  C:43B4H         LINE#         471
  C:43BCH         LINE#         477
  C:43BCH         LINE#         478
  C:43CEH         LINE#         479
  C:43CEH         LINE#         480
  C:43E7H         LINE#         481
  C:43EFH         LINE#         482
  C:43F5H         LINE#         483
  C:43FBH         LINE#         485
  C:43FBH         LINE#         489
  -------         ENDPROC       _SENDMSG
  -------         PROC          _SENDRTABUS
BL51 BANKED LINKER/LOCATER V6.22.2.0                                                  03/24/2021  20:14:17  PAGE 12


  X:0260H         SYMBOL        Respuesta
  C:48EEH         LINE#         491
  C:48F3H         LINE#         492
  C:48F3H         LINE#         493
  C:48F6H         LINE#         494
  C:48F6H         LINE#         495
  C:48F7H         LINE#         496
  C:48FCH         LINE#         497
  C:48FFH         LINE#         498
  C:48FFH         LINE#         499
  C:48FFH         LINE#         500
  C:48FFH         LINE#         501
  C:48FFH         LINE#         502
  C:48FFH         LINE#         503
  C:4901H         LINE#         505
  C:4901H         LINE#         506
  C:4907H         LINE#         507
  C:490FH         LINE#         508
  C:4915H         LINE#         509
  C:4915H         LINE#         510
  -------         ENDPROC       _SENDRTABUS
  -------         PROC          ATENCCOMSOFT
  -------         DO            
  X:025EH         SYMBOL        i
  X:025FH         SYMBOL        longTx
  -------         ENDDO         
  C:221EH         LINE#         514
  C:221EH         LINE#         515
  C:221EH         LINE#         518
  C:2230H         LINE#         519
  C:2230H         LINE#         521
  C:2230H         LINE#         525
  C:2236H         LINE#         526
  C:2236H         LINE#         527
  C:223BH         LINE#         528
  C:2240H         LINE#         530
  C:2246H         LINE#         531
  C:2246H         LINE#         532
  C:224CH         LINE#         533
  C:2251H         LINE#         534
  C:2251H         LINE#         536
  C:2251H         LINE#         538
  C:225EH         LINE#         539
  C:225EH         LINE#         541
  C:2264H         LINE#         542
  C:2264H         LINE#         543
  C:2268H         LINE#         544
  C:227EH         LINE#         545
  C:22AFH         LINE#         547
  C:22CDH         LINE#         548
  C:22CDH         LINE#         549
  C:22F8H         LINE#         550
  C:2300H         LINE#         551
  C:2319H         LINE#         552
  C:231CH         LINE#         553
  C:231CH         LINE#         554
  C:233AH         LINE#         555
BL51 BANKED LINKER/LOCATER V6.22.2.0                                                  03/24/2021  20:14:17  PAGE 13


  C:233CH         LINE#         557
  C:233CH         LINE#         558
  C:2355H         LINE#         559
  C:2355H         LINE#         562
  C:235BH         LINE#         563
  C:235BH         LINE#         564
  C:2363H         LINE#         565
  C:2363H         LINE#         566
  C:2378H         LINE#         567
  C:237BH         LINE#         568
  C:237FH         LINE#         569
  C:237FH         LINE#         570
  C:2393H         LINE#         571
  C:2396H         LINE#         572
  C:239EH         LINE#         573
  C:239EH         LINE#         574
  C:23B3H         LINE#         575
  C:23B6H         LINE#         576
  C:23BAH         LINE#         577
  C:23BAH         LINE#         578
  C:23CEH         LINE#         579
  C:23D1H         LINE#         581
  C:23D1H         LINE#         583
  C:23D4H         LINE#         584
  C:23D4H         LINE#         585
  C:23D7H         LINE#         586
  C:23D7H         LINE#         587
  C:23E0H         LINE#         588
  C:23E0H         LINE#         589
  C:23EEH         LINE#         590
  C:23FFH         LINE#         591
  C:2401H         LINE#         593
  C:2401H         LINE#         594
  C:2415H         LINE#         595
  C:2415H         LINE#         596
  C:2417H         LINE#         598
  C:2417H         LINE#         599
  C:242BH         LINE#         600
  C:242BH         LINE#         602
  C:242BH         LINE#         603
  C:242DH         LINE#         605
  C:242DH         LINE#         607
  C:2430H         LINE#         608
  C:2430H         LINE#         609
  C:2433H         LINE#         610
  C:2433H         LINE#         611
  C:243CH         LINE#         612
  C:243CH         LINE#         613
  C:244AH         LINE#         614
  C:245AH         LINE#         615
  C:245CH         LINE#         617
  C:245CH         LINE#         618
  C:2475H         LINE#         619
  C:2475H         LINE#         620
  C:2477H         LINE#         622
  C:2477H         LINE#         623
  C:2490H         LINE#         624
BL51 BANKED LINKER/LOCATER V6.22.2.0                                                  03/24/2021  20:14:17  PAGE 14


  C:2490H         LINE#         625
  C:2490H         LINE#         628
  C:24A9H         LINE#         630
  C:24AFH         LINE#         631
  C:24AFH         LINE#         632
  C:24B2H         LINE#         633
  C:24B9H         LINE#         634
  C:24BFH         LINE#         635
  C:24C6H         LINE#         636
  C:24CCH         LINE#         637
  C:24D3H         LINE#         638
  C:24D9H         LINE#         639
  C:24E0H         LINE#         642
  C:24E6H         LINE#         643
  C:24E6H         LINE#         644
  C:24FCH         LINE#         645
  C:24FFH         LINE#         646
  C:24FFH         LINE#         648
  C:2505H         LINE#         649
  C:250CH         LINE#         650
  C:2512H         LINE#         651
  C:2519H         LINE#         652
  C:251FH         LINE#         653
  C:2526H         LINE#         654
  C:252CH         LINE#         655
  C:2533H         LINE#         656
  C:2539H         LINE#         657
  C:2540H         LINE#         658
  C:2556H         LINE#         660
  C:256FH         LINE#         662
  C:256FH         LINE#         663
  C:256FH         LINE#         664
  C:256FH         LINE#         666
  C:2572H         LINE#         668
  C:2572H         LINE#         669
  C:258BH         LINE#         670
  C:25A4H         LINE#         671
  C:25BDH         LINE#         672
  C:25D6H         LINE#         673
  C:25EFH         LINE#         674
  C:2608H         LINE#         675
  C:2621H         LINE#         676
  C:263AH         LINE#         677
  C:2653H         LINE#         678
  C:266CH         LINE#         680
  C:2685H         LINE#         681
  C:26A3H         LINE#         682
  C:26A3H         LINE#         683
  C:26CEH         LINE#         684
  C:26D6H         LINE#         685
  C:26EFH         LINE#         686
  C:26EFH         LINE#         687
  C:26EFH         LINE#         688
  C:26EFH         LINE#         690
  C:26F1H         LINE#         692
  C:26F1H         LINE#         693
  C:270AH         LINE#         694
BL51 BANKED LINKER/LOCATER V6.22.2.0                                                  03/24/2021  20:14:17  PAGE 15


  C:270EH         LINE#         695
  C:270EH         LINE#         698
  C:2711H         LINE#         700
  C:2711H         LINE#         701
  C:2717H         LINE#         703
  C:271EH         LINE#         704
  C:271EH         LINE#         705
  C:272CH         LINE#         706
  C:272EH         LINE#         708
  C:272EH         LINE#         709
  C:2733H         LINE#         710
  C:2733H         LINE#         713
  C:273BH         LINE#         714
  C:2758H         LINE#         715
  C:2758H         LINE#         716
  C:2776H         LINE#         717
  C:277EH         LINE#         718
  C:2794H         LINE#         720
  C:2797H         LINE#         721
  C:2797H         LINE#         722
  C:27A8H         LINE#         723
  C:27AAH         LINE#         725
  C:27AAH         LINE#         726
  C:27C0H         LINE#         727
  C:27C0H         LINE#         729
  C:27C3H         LINE#         730
  C:27C3H         LINE#         731
  C:27CBH         LINE#         732
  C:27CBH         LINE#         733
  C:27D1H         LINE#         734
  C:27D3H         LINE#         735
  C:27D7H         LINE#         736
  C:27D7H         LINE#         737
  C:27DDH         LINE#         738
  C:27DFH         LINE#         739
  C:27E3H         LINE#         740
  C:27E3H         LINE#         741
  C:27E9H         LINE#         742
  C:27EBH         LINE#         743
  C:27EFH         LINE#         744
  C:27EFH         LINE#         745
  C:27EFH         LINE#         746
  C:27F1H         LINE#         747
  C:27F5H         LINE#         748
  C:27F5H         LINE#         749
  C:27F5H         LINE#         750
  C:27F7H         LINE#         752
  C:27F7H         LINE#         754
  C:27FAH         LINE#         755
  C:27FAH         LINE#         756
  C:27FDH         LINE#         757
  C:27FDH         LINE#         758
  C:27FDH         LINE#         759
  C:27FFH         LINE#         761
  C:27FFH         LINE#         762
  C:2805H         LINE#         763
  C:2805H         LINE#         764
BL51 BANKED LINKER/LOCATER V6.22.2.0                                                  03/24/2021  20:14:17  PAGE 16


  C:2807H         LINE#         766
  C:2807H         LINE#         767
  C:280CH         LINE#         768
  C:280CH         LINE#         770
  C:280CH         LINE#         771
  C:2828H         LINE#         772
  C:282AH         LINE#         774
  C:282AH         LINE#         775
  C:282DH         LINE#         776
  C:282DH         LINE#         777
  C:283CH         LINE#         778
  C:283CH         LINE#         779
  C:283CH         LINE#         780
  C:283EH         LINE#         782
  C:283EH         LINE#         783
  C:2848H         LINE#         784
  C:2848H         LINE#         785
  C:284AH         LINE#         787
  C:284AH         LINE#         788
  C:2860H         LINE#         789
  C:2860H         LINE#         790
  C:2860H         LINE#         792
  C:2868H         LINE#         793
  C:2868H         LINE#         794
  C:2879H         LINE#         796
  C:2880H         LINE#         797
  C:2886H         LINE#         798
  C:2886H         LINE#         799
  C:2889H         LINE#         800
  C:2890H         LINE#         801
  C:2896H         LINE#         802
  C:289DH         LINE#         803
  C:28A3H         LINE#         804
  C:28AAH         LINE#         805
  C:28B0H         LINE#         806
  C:28B7H         LINE#         807
  C:28CBH         LINE#         808
  C:28CDH         LINE#         818
  C:28CFH         LINE#         820
  C:28CFH         LINE#         821
  C:28E1H         LINE#         822
  C:28E8H         LINE#         824
  C:28E8H         LINE#         825
  C:28E8H         LINE#         830
  C:28E8H         LINE#         831
  C:28EBH         LINE#         833
  C:28F8H         LINE#         834
  C:28F8H         LINE#         835
  C:28FAH         LINE#         836
  C:2900H         LINE#         837
  C:2903H         LINE#         838
  C:2905H         LINE#         839
  C:2907H         LINE#         841
  C:290DH         LINE#         842
  C:290DH         LINE#         843
  C:2913H         LINE#         844
  C:2913H         LINE#         848
BL51 BANKED LINKER/LOCATER V6.22.2.0                                                  03/24/2021  20:14:17  PAGE 17


  C:2919H         LINE#         849
  C:291DH         LINE#         850
  C:292BH         LINE#         851
  C:2932H         LINE#         852
  C:2940H         LINE#         853
  C:2947H         LINE#         854
  C:2955H         LINE#         855
  C:295CH         LINE#         857
  C:2960H         LINE#         858
  C:2964H         LINE#         861
  C:2967H         LINE#         862
  C:2967H         LINE#         863
  C:296FH         LINE#         864
  C:296FH         LINE#         865
  C:2975H         LINE#         866
  C:2977H         LINE#         867
  C:297BH         LINE#         868
  C:297BH         LINE#         869
  C:2981H         LINE#         870
  C:2983H         LINE#         871
  C:2987H         LINE#         872
  C:2987H         LINE#         873
  C:298DH         LINE#         874
  C:298FH         LINE#         875
  C:2993H         LINE#         876
  C:2993H         LINE#         877
  C:2993H         LINE#         878
  C:2995H         LINE#         879
  C:2999H         LINE#         880
  C:2999H         LINE#         881
  C:2999H         LINE#         882
  C:299BH         LINE#         884
  C:299BH         LINE#         886
  C:299EH         LINE#         887
  C:299EH         LINE#         888
  C:29A1H         LINE#         889
  C:29A1H         LINE#         890
  C:29A1H         LINE#         891
  C:29A3H         LINE#         893
  C:29A3H         LINE#         894
  C:29A9H         LINE#         895
  C:29A9H         LINE#         896
  C:29ABH         LINE#         898
  C:29ABH         LINE#         899
  C:29B0H         LINE#         900
  C:29B0H         LINE#         902
  C:29B0H         LINE#         903
  C:29BAH         LINE#         904
  C:29BCH         LINE#         906
  C:29BCH         LINE#         907
  C:29BFH         LINE#         908
  C:29BFH         LINE#         909
  C:29C5H         LINE#         910
  C:29C5H         LINE#         911
  C:29C5H         LINE#         912
  C:29C7H         LINE#         914
  C:29C7H         LINE#         915
BL51 BANKED LINKER/LOCATER V6.22.2.0                                                  03/24/2021  20:14:17  PAGE 18


  C:29CAH         LINE#         916
  C:29CAH         LINE#         917
  C:29CCH         LINE#         919
  C:29CCH         LINE#         920
  C:29D2H         LINE#         921
  C:29D2H         LINE#         922
  C:29D2H         LINE#         924
  C:29D8H         LINE#         927
  C:29E6H         LINE#         928
  C:29F4H         LINE#         929
  C:2A02H         LINE#         930
  C:2A10H         LINE#         931
  C:2A1EH         LINE#         934
  C:2A24H         LINE#         935
  C:2A32H         LINE#         936
  C:2A40H         LINE#         937
  C:2A4EH         LINE#         938
  C:2A5CH         LINE#         939
  C:2A6AH         LINE#         940
  C:2A70H         LINE#         941
  C:2A81H         LINE#         943
  C:2A84H         LINE#         944
  C:2A84H         LINE#         947
  C:2AA5H         LINE#         948
  C:2AA5H         LINE#         949
  C:2ACAH         LINE#         950
  C:2AD2H         LINE#         951
  C:2AD2H         LINE#         953
  C:2AD2H         LINE#         954
  C:2AE6H         LINE#         955
  C:2AE6H         LINE#         956
  C:2AE6H         LINE#         957
  C:2AE6H         LINE#         958
  C:2AE6H         LINE#         964
  C:2AE9H         LINE#         966
  C:2AE9H         LINE#         967
  C:2AEFH         LINE#         968
  C:2AF3H         LINE#         969
  C:2B01H         LINE#         970
  C:2B08H         LINE#         971
  C:2B16H         LINE#         972
  C:2B1DH         LINE#         973
  C:2B2BH         LINE#         974
  C:2B32H         LINE#         976
  C:2B36H         LINE#         977
  C:2B3AH         LINE#         979
  C:2B3DH         LINE#         980
  C:2B3DH         LINE#         981
  C:2B40H         LINE#         982
  C:2B40H         LINE#         983
  C:2B42H         LINE#         984
  C:2B44H         LINE#         986
  C:2B44H         LINE#         987
  C:2B4AH         LINE#         988
  C:2B4AH         LINE#         989
  C:2B4CH         LINE#         991
  C:2B4CH         LINE#         992
BL51 BANKED LINKER/LOCATER V6.22.2.0                                                  03/24/2021  20:14:17  PAGE 19


  C:2B52H         LINE#         993
  C:2B52H         LINE#         995
  C:2B58H         LINE#         996
  C:2B5AH         LINE#         998
  C:2B5AH         LINE#         1002
  C:2B5DH         LINE#         1004
  C:2B5DH         LINE#         1006
  C:2B63H         LINE#         1007
  C:2B67H         LINE#         1008
  C:2B75H         LINE#         1009
  C:2B7CH         LINE#         1010
  C:2B8AH         LINE#         1011
  C:2B91H         LINE#         1012
  C:2B9FH         LINE#         1013
  C:2BA6H         LINE#         1015
  C:2BAAH         LINE#         1016
  C:2BAEH         LINE#         1019
  C:2BB1H         LINE#         1020
  C:2BB1H         LINE#         1021
  C:2BB9H         LINE#         1022
  C:2BB9H         LINE#         1023
  C:2BBFH         LINE#         1024
  C:2BC1H         LINE#         1025
  C:2BC5H         LINE#         1026
  C:2BC5H         LINE#         1027
  C:2BCBH         LINE#         1028
  C:2BCDH         LINE#         1029
  C:2BD1H         LINE#         1030
  C:2BD1H         LINE#         1031
  C:2BD7H         LINE#         1032
  C:2BD9H         LINE#         1033
  C:2BDDH         LINE#         1034
  C:2BDDH         LINE#         1035
  C:2BDDH         LINE#         1036
  C:2BDFH         LINE#         1037
  C:2BE3H         LINE#         1038
  C:2BE3H         LINE#         1039
  C:2BE3H         LINE#         1040
  C:2BE5H         LINE#         1042
  C:2BE5H         LINE#         1044
  C:2BE8H         LINE#         1045
  C:2BE8H         LINE#         1046
  C:2BEBH         LINE#         1047
  C:2BEBH         LINE#         1048
  C:2BEBH         LINE#         1049
  C:2BEDH         LINE#         1051
  C:2BEDH         LINE#         1052
  C:2BF3H         LINE#         1053
  C:2BF3H         LINE#         1054
  C:2BF5H         LINE#         1056
  C:2BF5H         LINE#         1057
  C:2BFAH         LINE#         1058
  C:2BFAH         LINE#         1060
  C:2BFAH         LINE#         1061
  C:2C04H         LINE#         1062
  C:2C06H         LINE#         1064
  C:2C06H         LINE#         1065
BL51 BANKED LINKER/LOCATER V6.22.2.0                                                  03/24/2021  20:14:17  PAGE 20


  C:2C09H         LINE#         1066
  C:2C09H         LINE#         1067
  C:2C0FH         LINE#         1068
  C:2C0FH         LINE#         1069
  C:2C0FH         LINE#         1070
  C:2C11H         LINE#         1072
  C:2C11H         LINE#         1073
  C:2C14H         LINE#         1074
  C:2C14H         LINE#         1075
  C:2C16H         LINE#         1077
  C:2C16H         LINE#         1078
  C:2C1CH         LINE#         1079
  C:2C1CH         LINE#         1080
  C:2C1CH         LINE#         1082
  C:2C22H         LINE#         1085
  C:2C30H         LINE#         1086
  C:2C3EH         LINE#         1087
  C:2C4CH         LINE#         1088
  C:2C5AH         LINE#         1089
  C:2C68H         LINE#         1091
  C:2C6EH         LINE#         1092
  C:2C6EH         LINE#         1094
  C:2C74H         LINE#         1095
  C:2C82H         LINE#         1096
  C:2C90H         LINE#         1097
  C:2C9EH         LINE#         1098
  C:2CACH         LINE#         1099
  C:2CBAH         LINE#         1100
  C:2CC0H         LINE#         1101
  C:2CD1H         LINE#         1103
  C:2CD4H         LINE#         1104
  C:2CD4H         LINE#         1107
  C:2CF2H         LINE#         1108
  C:2CF2H         LINE#         1109
  C:2D17H         LINE#         1110
  C:2D1FH         LINE#         1111
  C:2D33H         LINE#         1112
  C:2D47H         LINE#         1113
  C:2D4CH         LINE#         1115
  C:2D4FH         LINE#         1117
  C:2D4FH         LINE#         1118
  C:2D63H         LINE#         1119
  C:2D77H         LINE#         1120
  C:2D8BH         LINE#         1121
  C:2D90H         LINE#         1122
  C:2D90H         LINE#         1126
  C:2D93H         LINE#         1128
  C:2D93H         LINE#         1129
  C:2D99H         LINE#         1130
  C:2DA2H         LINE#         1131
  C:2DABH         LINE#         1132
  C:2DB4H         LINE#         1133
  C:2DBDH         LINE#         1134
  C:2DC6H         LINE#         1136
  C:2DCCH         LINE#         1137
  C:2DDDH         LINE#         1139
  C:2DE3H         LINE#         1140
BL51 BANKED LINKER/LOCATER V6.22.2.0                                                  03/24/2021  20:14:17  PAGE 21


  C:2DE3H         LINE#         1141
  C:2DE5H         LINE#         1142
  C:2E0CH         LINE#         1143
  C:2E0CH         LINE#         1144
  C:2E31H         LINE#         1145
  C:2E39H         LINE#         1146
  C:2E4DH         LINE#         1147
  C:2E61H         LINE#         1148
  C:2E66H         LINE#         1149
  C:2E68H         LINE#         1151
  C:2E68H         LINE#         1152
  C:2E7CH         LINE#         1153
  C:2E90H         LINE#         1154
  C:2EA4H         LINE#         1155
  C:2EACH         LINE#         1156
  C:2EACH         LINE#         1161
  C:2EACH         LINE#         1163
  C:2EACH         LINE#         1168
  C:2EACH         LINE#         1169
  C:2EAFH         LINE#         1171
  C:2EBDH         LINE#         1172
  C:2EBDH         LINE#         1173
  C:2EC1H         LINE#         1174
  C:2EC1H         LINE#         1175
  C:2EC1H         LINE#         1177
  C:2EC4H         LINE#         1180
  C:2EC4H         LINE#         1182
  C:2EC7H         LINE#         1183
  C:2EC7H         LINE#         1184
  C:2EC9H         LINE#         1185
  C:2EE8H         LINE#         1186
  C:2EE8H         LINE#         1187
  C:2F06H         LINE#         1188
  C:2F0EH         LINE#         1189
  C:2F11H         LINE#         1190
  C:2F11H         LINE#         1191
  C:2F11H         LINE#         1192
  C:2F14H         LINE#         1195
  C:2F31H         LINE#         1196
  C:2F31H         LINE#         1197
  C:2F34H         LINE#         1198
  C:2F53H         LINE#         1199
  C:2F53H         LINE#         1200
  C:2F71H         LINE#         1201
  C:2F79H         LINE#         1202
  C:2F7CH         LINE#         1204
  C:2F81H         LINE#         1205
  C:2F86H         LINE#         1206
  C:2F8BH         LINE#         1207
  C:2F90H         LINE#         1208
  C:2F95H         LINE#         1209
  C:2F97H         LINE#         1210
  C:2F9CH         LINE#         1212
  C:2F9FH         LINE#         1213
  C:2FB2H         LINE#         1214
  C:2FB2H         LINE#         1216
  C:2FBBH         LINE#         1217
BL51 BANKED LINKER/LOCATER V6.22.2.0                                                  03/24/2021  20:14:17  PAGE 22


  C:2FBBH         LINE#         1218
  C:2FC2H         LINE#         1219
  C:2FC2H         LINE#         1221
  C:2FC5H         LINE#         1227
  C:2FC7H         LINE#         1228
  C:2FCCH         LINE#         1229
  C:2FCCH         LINE#         1230
  C:2FCCH         LINE#         1232
  C:2FCCH         LINE#         1233
  C:2FCCH         LINE#         1235
  C:2FCCH         LINE#         1236
  C:2FCCH         LINE#         1237
  C:2FCCH         LINE#         1243
  C:2FCCH         LINE#         1244
  C:2FD5H         LINE#         1245
  C:2FD5H         LINE#         1247
  C:2FD5H         LINE#         1248
  C:2FDAH         LINE#         1249
  C:2FDAH         LINE#         1250
  C:2FDDH         LINE#         1251
  C:2FDDH         LINE#         1252
  C:2FE0H         LINE#         1253
  C:2FE0H         LINE#         1254
  C:2FE3H         LINE#         1255
  C:2FE3H         LINE#         1256
  C:2FE6H         LINE#         1257
  C:2FE6H         LINE#         1258
  C:2FE6H         LINE#         1259
  C:2FE6H         LINE#         1260
  C:2FE6H         LINE#         1261
  C:2FE6H         LINE#         1262
  C:2FE6H         LINE#         1263
  C:2FE6H         LINE#         1264
  C:2FE6H         LINE#         1265
  C:2FE8H         LINE#         1267
  C:2FE8H         LINE#         1268
  C:2FEBH         LINE#         1269
  C:2FEBH         LINE#         1270
  C:2FEDH         LINE#         1271
  C:2FF3H         LINE#         1272
  C:2FF6H         LINE#         1273
  C:2FF8H         LINE#         1274
  C:2FFAH         LINE#         1275
  C:2FFAH         LINE#         1276
  C:2FFAH         LINE#         1278
  C:2FFAH         LINE#         1279
  C:2FFAH         LINE#         1281
  C:3000H         LINE#         1282
  C:3000H         LINE#         1283
  C:3002H         LINE#         1285
  C:3036H         LINE#         1286
  C:3036H         LINE#         1287
  C:3038H         LINE#         1288
  C:303BH         LINE#         1289
  C:3055H         LINE#         1290
  C:3055H         LINE#         1291
  C:305AH         LINE#         1293
BL51 BANKED LINKER/LOCATER V6.22.2.0                                                  03/24/2021  20:14:17  PAGE 23


  C:3061H         LINE#         1294
  C:3064H         LINE#         1295
  C:3066H         LINE#         1297
  C:3068H         LINE#         1298
  C:306AH         LINE#         1299
  C:306CH         LINE#         1301
  C:3071H         LINE#         1302
  C:3077H         LINE#         1303
  C:307DH         LINE#         1304
  C:307FH         LINE#         1305
  C:3085H         LINE#         1307
  C:3088H         LINE#         1308
  C:30C8H         LINE#         1309
  C:30C8H         LINE#         1310
  C:30CAH         LINE#         1311
  C:30CCH         LINE#         1312
  C:311EH         LINE#         1313
  C:311EH         LINE#         1314
  C:3123H         LINE#         1315
  C:3126H         LINE#         1316
  C:3196H         LINE#         1317
  C:3196H         LINE#         1318
  C:3198H         LINE#         1319
  C:319BH         LINE#         1321
  C:320BH         LINE#         1322
  C:320BH         LINE#         1323
  C:320DH         LINE#         1324
  C:3210H         LINE#         1325
  C:328CH         LINE#         1326
  C:328CH         LINE#         1327
  C:328EH         LINE#         1328
  C:3291H         LINE#         1329
  C:330DH         LINE#         1330
  C:330DH         LINE#         1331
  C:330FH         LINE#         1332
  C:3312H         LINE#         1333
  C:3364H         LINE#         1334
  C:3364H         LINE#         1335
  C:3366H         LINE#         1337
  C:3369H         LINE#         1338
  C:33BBH         LINE#         1339
  C:33BBH         LINE#         1340
  C:33BDH         LINE#         1342
  C:33C0H         LINE#         1343
  C:3412H         LINE#         1344
  C:3412H         LINE#         1345
  C:3414H         LINE#         1346
  C:3417H         LINE#         1348
  C:3481H         LINE#         1349
  C:3481H         LINE#         1350
  C:3483H         LINE#         1351
  C:3485H         LINE#         1352
  C:34EFH         LINE#         1353
  C:34EFH         LINE#         1354
  C:34F4H         LINE#         1355
  C:34F4H         LINE#         1357
  C:34F9H         LINE#         1358
BL51 BANKED LINKER/LOCATER V6.22.2.0                                                  03/24/2021  20:14:17  PAGE 24


  C:3528H         LINE#         1359
  C:3528H         LINE#         1360
  C:3537H         LINE#         1361
  C:353FH         LINE#         1362
  C:3544H         LINE#         1363
  C:3573H         LINE#         1364
  C:3573H         LINE#         1365
  C:3576H         LINE#         1366
  C:3576H         LINE#         1367
  C:3585H         LINE#         1368
  C:3585H         LINE#         1369
  C:358DH         LINE#         1371
  C:358DH         LINE#         1374
  C:358DH         LINE#         1376
  C:3592H         LINE#         1377
  C:3594H         LINE#         1379
  C:3595H         LINE#         1381
  C:3595H         LINE#         1382
  C:359AH         LINE#         1383
  C:359AH         LINE#         1385
  C:359AH         LINE#         1386
  -------         ENDPROC       ATENCCOMSOFT
  -------         PROC          MAIN
  -------         DO            
  X:0203H         SYMBOL        MSGnotify
  X:0214H         SYMBOL        msgdir
  X:0225H         SYMBOL        sin_resp
  X:0236H         SYMBOL        resp_NACK
  X:0247H         SYMBOL        SendCode
  X:0258H         SYMBOL        k
  X:0259H         SYMBOL        i
  X:025AH         SYMBOL        NumDatValidar
  X:025BH         SYMBOL        PosComa
  X:025DH         SYMBOL        temp
  -------         ENDDO         
  C:0026H         LINE#         1393
  C:0026H         LINE#         1394
  C:0026H         LINE#         1396
  C:0039H         LINE#         1397
  C:004CH         LINE#         1398
  C:005FH         LINE#         1399
  C:0072H         LINE#         1400
  C:0085H         LINE#         1407
  C:0088H         LINE#         1408
  C:008BH         LINE#         1410
  C:008EH         LINE#         1412
  C:0096H         LINE#         1413
  C:0098H         LINE#         1414
  C:009BH         LINE#         1415
  C:009DH         LINE#         1416
  C:009FH         LINE#         1418
  C:00A1H         LINE#         1419
  C:00A3H         LINE#         1420
  C:00A5H         LINE#         1421
  C:00A7H         LINE#         1427
  C:00A9H         LINE#         1428
  C:00AFH         LINE#         1429
BL51 BANKED LINKER/LOCATER V6.22.2.0                                                  03/24/2021  20:14:17  PAGE 25


  C:00B5H         LINE#         1430
  C:00BBH         LINE#         1431
  C:00C1H         LINE#         1432
  C:00C3H         LINE#         1434
  C:00C5H         LINE#         1435
  C:00C7H         LINE#         1437
  C:00C9H         LINE#         1438
  C:00CBH         LINE#         1440
  C:00CDH         LINE#         1441
  C:00CFH         LINE#         1443
  C:00D1H         LINE#         1444
  C:00D3H         LINE#         1446
  C:00D5H         LINE#         1447
  C:00DAH         LINE#         1448
  C:00DCH         LINE#         1449
  C:00DEH         LINE#         1450
  C:00E0H         LINE#         1451
  C:00E4H         LINE#         1452
  C:00EAH         LINE#         1453
  C:00ECH         LINE#         1454
  C:00F2H         LINE#         1455
  C:00F4H         LINE#         1459
  C:00F6H         LINE#         1460
  C:00F8H         LINE#         1461
  C:00FAH         LINE#         1462
  C:00FCH         LINE#         1465
  C:00FEH         LINE#         1467
  C:0100H         LINE#         1468
  C:0104H         LINE#         1469
  C:0106H         LINE#         1472
  C:0111H         LINE#         1474
  C:0116H         LINE#         1475
  C:011FH         LINE#         1476
  C:0122H         LINE#         1478
  C:0124H         LINE#         1479
  C:0126H         LINE#         1480
  C:0126H         LINE#         1481
  C:0126H         LINE#         1483
  C:0126H         LINE#         1485
  C:0126H         LINE#         1486
  C:0126H         LINE#         1488
  C:0129H         LINE#         1489
  C:012FH         LINE#         1491
  C:0140H         LINE#         1492
  C:0140H         LINE#         1494
  C:0146H         LINE#         1495
  C:0146H         LINE#         1496
  C:014CH         LINE#         1497
  C:014FH         LINE#         1499
  C:0152H         LINE#         1501
  C:0155H         LINE#         1502
  C:0155H         LINE#         1504
  C:015FH         LINE#         1505
  C:015FH         LINE#         1506
  C:0165H         LINE#         1507
  C:0169H         LINE#         1508
  C:0172H         LINE#         1509
BL51 BANKED LINKER/LOCATER V6.22.2.0                                                  03/24/2021  20:14:17  PAGE 26


  C:017BH         LINE#         1510
  C:0184H         LINE#         1511
  C:0188H         LINE#         1513
  C:018DH         LINE#         1514
  C:0190H         LINE#         1515
  C:0193H         LINE#         1517
  C:0199H         LINE#         1518
  C:019DH         LINE#         1519
  C:01A4H         LINE#         1520
  C:01AEH         LINE#         1521
  C:01B0H         LINE#         1523
  C:01B0H         LINE#         1524
  C:01B0H         LINE#         1525
  C:01B0H         LINE#         1527
  C:01B2H         LINE#         1529
  C:01B2H         LINE#         1530
  C:01B8H         LINE#         1531
  C:01BCH         LINE#         1532
  C:01C4H         LINE#         1533
  C:01CCH         LINE#         1534
  C:01D4H         LINE#         1535
  C:01D8H         LINE#         1536
  C:01DEH         LINE#         1537
  C:01E2H         LINE#         1538
  C:01E8H         LINE#         1539
  C:01EAH         LINE#         1540
  C:01F3H         LINE#         1541
  C:01F9H         LINE#         1542
  C:01FCH         LINE#         1543
  C:01FCH         LINE#         1545
  C:01FEH         LINE#         1547
  C:01FEH         LINE#         1548
  C:020BH         LINE#         1549
  C:0212H         LINE#         1550
  C:0212H         LINE#         1553
  C:0218H         LINE#         1554
  C:0218H         LINE#         1555
  C:026CH         LINE#         1556
  C:026CH         LINE#         1557
  C:026CH         LINE#         1558
  C:026CH         LINE#         1559
  C:026CH         LINE#         1560
  C:026CH         LINE#         1561
  C:026CH         LINE#         1562
  C:026CH         LINE#         1563
  C:026FH         LINE#         1564
  C:02BEH         LINE#         1565
  C:02BEH         LINE#         1566
  C:02BEH         LINE#         1567
  C:02BEH         LINE#         1568
  C:02BEH         LINE#         1569
  C:02BEH         LINE#         1570
  C:02BEH         LINE#         1571
  C:02BEH         LINE#         1572
  C:02C1H         LINE#         1573
  C:0314H         LINE#         1574
  C:0314H         LINE#         1575
BL51 BANKED LINKER/LOCATER V6.22.2.0                                                  03/24/2021  20:14:17  PAGE 27


  C:0314H         LINE#         1576
  C:0314H         LINE#         1577
  C:0314H         LINE#         1578
  C:0314H         LINE#         1579
  C:0314H         LINE#         1580
  C:0314H         LINE#         1581
  C:0317H         LINE#         1582
  C:036DH         LINE#         1583
  C:036DH         LINE#         1584
  C:036DH         LINE#         1585
  C:036DH         LINE#         1586
  C:036DH         LINE#         1587
  C:036DH         LINE#         1588
  C:036DH         LINE#         1589
  C:036DH         LINE#         1590
  C:0370H         LINE#         1591
  C:03AFH         LINE#         1592
  C:03AFH         LINE#         1593
  C:03AFH         LINE#         1594
  C:03AFH         LINE#         1595
  C:03AFH         LINE#         1596
  C:03AFH         LINE#         1597
  C:03AFH         LINE#         1598
  C:03AFH         LINE#         1599
  C:03B1H         LINE#         1600
  C:03D9H         LINE#         1601
  C:03D9H         LINE#         1602
  C:03D9H         LINE#         1603
  C:03D9H         LINE#         1604
  C:03D9H         LINE#         1605
  C:03D9H         LINE#         1606
  C:03D9H         LINE#         1607
  C:03D9H         LINE#         1608
  C:03DBH         LINE#         1609
  C:0406H         LINE#         1610
  C:0406H         LINE#         1611
  C:0408H         LINE#         1612
  C:040AH         LINE#         1613
  C:0410H         LINE#         1614
  C:0413H         LINE#         1615
  C:0415H         LINE#         1616
  C:0417H         LINE#         1617
  C:0417H         LINE#         1618
  C:0417H         LINE#         1622
  C:0419H         LINE#         1624
  C:0419H         LINE#         1626
  C:0421H         LINE#         1627
  C:0421H         LINE#         1628
  C:0424H         LINE#         1630
  C:0427H         LINE#         1631
  C:042CH         LINE#         1632
  C:0439H         LINE#         1633
  C:0440H         LINE#         1634
  C:0440H         LINE#         1637
  C:0440H         LINE#         1642
  C:0446H         LINE#         1643
  C:0446H         LINE#         1644
BL51 BANKED LINKER/LOCATER V6.22.2.0                                                  03/24/2021  20:14:17  PAGE 28


  C:044CH         LINE#         1645
  C:044EH         LINE#         1646
  C:0451H         LINE#         1658
  C:045AH         LINE#         1659
  C:045AH         LINE#         1660
  C:0466H         LINE#         1661
  C:0466H         LINE#         1662
  C:0468H         LINE#         1663
  C:0468H         LINE#         1665
  C:0493H         LINE#         1666
  C:0493H         LINE#         1667
  C:0496H         LINE#         1668
  C:04A9H         LINE#         1669
  C:04A9H         LINE#         1670
  C:04AEH         LINE#         1671
  C:04C4H         LINE#         1672
  C:04C4H         LINE#         1673
  C:04C7H         LINE#         1674
  C:04CFH         LINE#         1675
  C:04D4H         LINE#         1676
  C:04E0H         LINE#         1677
  C:04E3H         LINE#         1679
  C:04EBH         LINE#         1680
  C:04EBH         LINE#         1681
  C:04F0H         LINE#         1682
  C:0509H         LINE#         1683
  C:0509H         LINE#         1684
  C:050CH         LINE#         1685
  C:0514H         LINE#         1687
  C:0514H         LINE#         1688
  C:051CH         LINE#         1689
  C:051CH         LINE#         1691
  C:0528H         LINE#         1693
  C:052BH         LINE#         1694
  C:0533H         LINE#         1695
  C:0533H         LINE#         1696
  C:0538H         LINE#         1697
  C:0551H         LINE#         1698
  C:0551H         LINE#         1699
  C:0554H         LINE#         1700
  C:055CH         LINE#         1701
  C:055CH         LINE#         1702
  C:0564H         LINE#         1703
  C:0564H         LINE#         1704
  C:0569H         LINE#         1705
  C:0582H         LINE#         1706
  C:0582H         LINE#         1707
  C:0585H         LINE#         1708
  C:058DH         LINE#         1709
  C:058DH         LINE#         1710
  C:0595H         LINE#         1711
  C:0595H         LINE#         1713
  C:059AH         LINE#         1714
  C:05A3H         LINE#         1717
  C:05AAH         LINE#         1721
  C:05ADH         LINE#         1722
  C:05B5H         LINE#         1723
BL51 BANKED LINKER/LOCATER V6.22.2.0                                                  03/24/2021  20:14:17  PAGE 29


  C:05B5H         LINE#         1724
  C:05BAH         LINE#         1725
  C:05D3H         LINE#         1726
  C:05D3H         LINE#         1727
  C:05D6H         LINE#         1728
  C:05DEH         LINE#         1729
  C:05DEH         LINE#         1731
  C:05E6H         LINE#         1732
  C:05E6H         LINE#         1733
  C:05EBH         LINE#         1734
  C:0604H         LINE#         1735
  C:0604H         LINE#         1736
  C:0607H         LINE#         1737
  C:060FH         LINE#         1738
  C:060FH         LINE#         1739
  C:0617H         LINE#         1740
  C:0617H         LINE#         1741
  C:061CH         LINE#         1742
  C:0635H         LINE#         1743
  C:0635H         LINE#         1744
  C:0638H         LINE#         1745
  C:0640H         LINE#         1746
  C:0640H         LINE#         1747
  C:0648H         LINE#         1748
  C:0648H         LINE#         1749
  C:064DH         LINE#         1750
  C:0666H         LINE#         1751
  C:0666H         LINE#         1752
  C:0669H         LINE#         1753
  C:0671H         LINE#         1754
  C:0671H         LINE#         1755
  C:0679H         LINE#         1756
  C:0679H         LINE#         1757
  C:067EH         LINE#         1758
  C:0697H         LINE#         1759
  C:0697H         LINE#         1760
  C:069AH         LINE#         1761
  C:06A2H         LINE#         1762
  C:06A2H         LINE#         1763
  C:06AAH         LINE#         1764
  C:06AAH         LINE#         1765
  C:06AFH         LINE#         1766
  C:06C8H         LINE#         1767
  C:06C8H         LINE#         1768
  C:06CBH         LINE#         1769
  C:06D3H         LINE#         1770
  C:06D3H         LINE#         1771
  C:06DBH         LINE#         1772
  C:06DBH         LINE#         1773
  C:06E0H         LINE#         1774
  C:06F9H         LINE#         1775
  C:06F9H         LINE#         1776
  C:06FCH         LINE#         1777
  C:0704H         LINE#         1778
  C:0704H         LINE#         1780
  C:070CH         LINE#         1781
  C:070CH         LINE#         1782
BL51 BANKED LINKER/LOCATER V6.22.2.0                                                  03/24/2021  20:14:17  PAGE 30


  C:0711H         LINE#         1783
  C:0716H         LINE#         1784
  C:071BH         LINE#         1785
  C:0720H         LINE#         1786
  C:0725H         LINE#         1787
  C:072AH         LINE#         1788
  C:072FH         LINE#         1789
  C:0734H         LINE#         1790
  C:0739H         LINE#         1791
  C:073EH         LINE#         1792
  C:0743H         LINE#         1793
  C:0748H         LINE#         1794
  C:074DH         LINE#         1795
  C:0752H         LINE#         1796
  C:0757H         LINE#         1797
  C:075CH         LINE#         1798
  C:0761H         LINE#         1801
  C:0763H         LINE#         1802
  C:0769H         LINE#         1803
  C:076BH         LINE#         1804
  C:0773H         LINE#         1805
  C:0773H         LINE#         1806
  C:0776H         LINE#         1807
  C:077BH         LINE#         1808
  C:0784H         LINE#         1810
  C:0784H         LINE#         1811
  C:0786H         LINE#         1812
  C:078CH         LINE#         1813
  C:078FH         LINE#         1814
  C:0791H         LINE#         1815
  C:0793H         LINE#         1816
  C:0796H         LINE#         1817
  C:07A9H         LINE#         1818
  C:07A9H         LINE#         1819
  C:07ABH         LINE#         1820
  C:07ADH         LINE#         1821
  C:07ADH         LINE#         1822
  C:07AFH         LINE#         1823
  C:07BDH         LINE#         1824
  C:07BDH         LINE#         1825
  C:07BFH         LINE#         1826
  C:07C1H         LINE#         1827
  C:07C7H         LINE#         1828
  C:07D3H         LINE#         1829
  C:07D6H         LINE#         1830
  C:07E6H         LINE#         1831
  C:07E6H         LINE#         1832
  C:07E8H         LINE#         1833
  C:07EAH         LINE#         1834
  C:07F0H         LINE#         1835
  C:07F3H         LINE#         1836
  C:0806H         LINE#         1837
  C:0806H         LINE#         1838
  C:0808H         LINE#         1839
  C:080AH         LINE#         1840
  C:0810H         LINE#         1841
  C:0813H         LINE#         1842
BL51 BANKED LINKER/LOCATER V6.22.2.0                                                  03/24/2021  20:14:17  PAGE 31


  C:0821H         LINE#         1843
  C:0821H         LINE#         1844
  C:0826H         LINE#         1846
  C:082BH         LINE#         1847
  C:0830H         LINE#         1848
  C:0835H         LINE#         1849
  C:083AH         LINE#         1850
  C:083FH         LINE#         1851
  C:0844H         LINE#         1852
  C:0849H         LINE#         1853
  C:084EH         LINE#         1854
  C:0853H         LINE#         1855
  C:0858H         LINE#         1856
  C:085DH         LINE#         1857
  C:0862H         LINE#         1858
  C:0867H         LINE#         1859
  C:086CH         LINE#         1860
  C:086EH         LINE#         1861
  C:086EH         LINE#         1863
  C:0871H         LINE#         1864
  C:0881H         LINE#         1865
  C:0881H         LINE#         1866
  C:0883H         LINE#         1868
  C:0888H         LINE#         1869
  C:089EH         LINE#         1870
  C:089EH         LINE#         1871
  C:08A1H         LINE#         1872
  C:08A9H         LINE#         1873
  C:08AEH         LINE#         1874
  C:08B3H         LINE#         1875
  C:08B9H         LINE#         1876
  C:08B9H         LINE#         1877
  C:08B9H         LINE#         1878
  C:08B9H         LINE#         1879
  C:08B9H         LINE#         1881
  C:08BBH         LINE#         1882
  C:08CBH         LINE#         1883
  C:08CBH         LINE#         1884
  C:08CDH         LINE#         1885
  C:08D2H         LINE#         1886
  C:08E8H         LINE#         1887
  C:08E8H         LINE#         1888
  C:08EBH         LINE#         1889
  C:08F3H         LINE#         1890
  C:08F8H         LINE#         1891
  C:08FDH         LINE#         1892
  C:0903H         LINE#         1893
  C:0903H         LINE#         1894
  C:0908H         LINE#         1895
  C:090AH         LINE#         1896
  C:090AH         LINE#         1900
  C:090DH         LINE#         1901
  C:091CH         LINE#         1902
  C:091CH         LINE#         1903
  C:091EH         LINE#         1904
  C:0923H         LINE#         1905
  C:093CH         LINE#         1906
BL51 BANKED LINKER/LOCATER V6.22.2.0                                                  03/24/2021  20:14:17  PAGE 32


  C:093CH         LINE#         1907
  C:093FH         LINE#         1908
  C:0947H         LINE#         1909
  C:0947H         LINE#         1910
  C:0956H         LINE#         1911
  C:0956H         LINE#         1912
  C:095BH         LINE#         1913
  C:0974H         LINE#         1914
  C:0974H         LINE#         1915
  C:0977H         LINE#         1916
  C:097FH         LINE#         1917
  C:097FH         LINE#         1918
  C:098FH         LINE#         1919
  C:098FH         LINE#         1920
  C:0994H         LINE#         1922
  C:0999H         LINE#         1923
  C:099EH         LINE#         1924
  C:09A3H         LINE#         1925
  C:09A8H         LINE#         1926
  C:09ADH         LINE#         1927
  C:09B2H         LINE#         1928
  C:09B7H         LINE#         1929
  C:09BCH         LINE#         1930
  C:09C1H         LINE#         1931
  C:09C6H         LINE#         1932
  C:09CBH         LINE#         1933
  C:09D0H         LINE#         1934
  C:09D5H         LINE#         1935
  C:09DAH         LINE#         1936
  C:09DFH         LINE#         1937
  C:09E1H         LINE#         1941
  C:09E4H         LINE#         1942
  C:09F4H         LINE#         1943
  C:09F4H         LINE#         1944
  C:09F9H         LINE#         1946
  C:09FEH         LINE#         1947
  C:0A03H         LINE#         1948
  C:0A08H         LINE#         1949
  C:0A0DH         LINE#         1950
  C:0A12H         LINE#         1951
  C:0A17H         LINE#         1952
  C:0A1CH         LINE#         1953
  C:0A21H         LINE#         1954
  C:0A26H         LINE#         1955
  C:0A2BH         LINE#         1956
  C:0A30H         LINE#         1957
  C:0A35H         LINE#         1958
  C:0A3AH         LINE#         1959
  C:0A3FH         LINE#         1960
  C:0A44H         LINE#         1961
  C:0A46H         LINE#         1963
  C:0A49H         LINE#         1964
  C:0A59H         LINE#         1965
  C:0A59H         LINE#         1966
  C:0A5EH         LINE#         1968
  C:0A63H         LINE#         1969
  C:0A68H         LINE#         1970
BL51 BANKED LINKER/LOCATER V6.22.2.0                                                  03/24/2021  20:14:17  PAGE 33


  C:0A6DH         LINE#         1971
  C:0A72H         LINE#         1972
  C:0A77H         LINE#         1973
  C:0A7CH         LINE#         1974
  C:0A81H         LINE#         1975
  C:0A86H         LINE#         1976
  C:0A8BH         LINE#         1977
  C:0A90H         LINE#         1978
  C:0A95H         LINE#         1979
  C:0A9AH         LINE#         1980
  C:0A9FH         LINE#         1981
  C:0AA4H         LINE#         1982
  C:0AA9H         LINE#         1983
  C:0AAEH         LINE#         1984
  C:0AB0H         LINE#         1987
  C:0AB3H         LINE#         1988
  C:0AC3H         LINE#         1989
  C:0AC3H         LINE#         1990
  C:0AC8H         LINE#         1992
  C:0ACDH         LINE#         1993
  C:0AD2H         LINE#         1994
  C:0AD7H         LINE#         1995
  C:0ADCH         LINE#         1996
  C:0AE1H         LINE#         1997
  C:0AE6H         LINE#         1998
  C:0AEBH         LINE#         1999
  C:0AF0H         LINE#         2000
  C:0AF5H         LINE#         2001
  C:0AFAH         LINE#         2002
  C:0AFFH         LINE#         2003
  C:0B04H         LINE#         2004
  C:0B09H         LINE#         2005
  C:0B0EH         LINE#         2006
  C:0B13H         LINE#         2007
  C:0B15H         LINE#         2010
  C:0B18H         LINE#         2011
  C:0B28H         LINE#         2012
  C:0B28H         LINE#         2013
  C:0B2DH         LINE#         2015
  C:0B32H         LINE#         2016
  C:0B37H         LINE#         2017
  C:0B3CH         LINE#         2018
  C:0B41H         LINE#         2019
  C:0B46H         LINE#         2020
  C:0B4BH         LINE#         2021
  C:0B50H         LINE#         2022
  C:0B55H         LINE#         2023
  C:0B5AH         LINE#         2024
  C:0B5FH         LINE#         2025
  C:0B64H         LINE#         2026
  C:0B69H         LINE#         2027
  C:0B6EH         LINE#         2028
  C:0B73H         LINE#         2029
  C:0B78H         LINE#         2030
  C:0B7AH         LINE#         2033
  C:0B7DH         LINE#         2034
  C:0B8DH         LINE#         2035
BL51 BANKED LINKER/LOCATER V6.22.2.0                                                  03/24/2021  20:14:17  PAGE 34


  C:0B8DH         LINE#         2036
  C:0B92H         LINE#         2038
  C:0B97H         LINE#         2039
  C:0B9CH         LINE#         2040
  C:0BA1H         LINE#         2041
  C:0BA6H         LINE#         2042
  C:0BABH         LINE#         2043
  C:0BB0H         LINE#         2044
  C:0BB5H         LINE#         2045
  C:0BBAH         LINE#         2046
  C:0BBFH         LINE#         2047
  C:0BC4H         LINE#         2048
  C:0BC9H         LINE#         2049
  C:0BCEH         LINE#         2050
  C:0BD3H         LINE#         2051
  C:0BD8H         LINE#         2052
  C:0BDDH         LINE#         2053
  C:0BDFH         LINE#         2056
  C:0BE2H         LINE#         2057
  C:0BF8H         LINE#         2058
  C:0BF8H         LINE#         2059
  C:0BFDH         LINE#         2061
  C:0C02H         LINE#         2062
  C:0C07H         LINE#         2063
  C:0C0CH         LINE#         2064
  C:0C11H         LINE#         2065
  C:0C16H         LINE#         2066
  C:0C1BH         LINE#         2067
  C:0C20H         LINE#         2068
  C:0C25H         LINE#         2069
  C:0C2AH         LINE#         2070
  C:0C2FH         LINE#         2071
  C:0C34H         LINE#         2072
  C:0C39H         LINE#         2073
  C:0C3EH         LINE#         2074
  C:0C43H         LINE#         2075
  C:0C48H         LINE#         2076
  C:0C4DH         LINE#         2078
  C:0C52H         LINE#         2080
  C:0C57H         LINE#         2081
  C:0C5CH         LINE#         2082
  C:0C61H         LINE#         2083
  C:0C66H         LINE#         2084
  C:0C6BH         LINE#         2085
  C:0C70H         LINE#         2086
  C:0C75H         LINE#         2087
  C:0C7AH         LINE#         2088
  C:0C7FH         LINE#         2089
  C:0C84H         LINE#         2090
  C:0C89H         LINE#         2091
  C:0C8EH         LINE#         2092
  C:0C93H         LINE#         2093
  C:0C98H         LINE#         2094
  C:0C9DH         LINE#         2095
  C:0C9FH         LINE#         2097
  C:0CA2H         LINE#         2098
  C:0CB8H         LINE#         2099
BL51 BANKED LINKER/LOCATER V6.22.2.0                                                  03/24/2021  20:14:17  PAGE 35


  C:0CB8H         LINE#         2100
  C:0CBDH         LINE#         2102
  C:0CC2H         LINE#         2103
  C:0CC7H         LINE#         2104
  C:0CCCH         LINE#         2105
  C:0CD1H         LINE#         2106
  C:0CD6H         LINE#         2107
  C:0CDBH         LINE#         2108
  C:0CE0H         LINE#         2109
  C:0CE5H         LINE#         2110
  C:0CEAH         LINE#         2111
  C:0CEFH         LINE#         2112
  C:0CF4H         LINE#         2113
  C:0CF9H         LINE#         2114
  C:0CFEH         LINE#         2115
  C:0D03H         LINE#         2116
  C:0D08H         LINE#         2117
  C:0D0DH         LINE#         2119
  C:0D12H         LINE#         2121
  C:0D17H         LINE#         2122
  C:0D1CH         LINE#         2123
  C:0D21H         LINE#         2124
  C:0D26H         LINE#         2125
  C:0D2BH         LINE#         2126
  C:0D30H         LINE#         2127
  C:0D35H         LINE#         2128
  C:0D3AH         LINE#         2129
  C:0D3FH         LINE#         2130
  C:0D44H         LINE#         2131
  C:0D49H         LINE#         2132
  C:0D4EH         LINE#         2133
  C:0D53H         LINE#         2134
  C:0D58H         LINE#         2135
  C:0D5DH         LINE#         2136
  C:0D5FH         LINE#         2138
  C:0D62H         LINE#         2139
  C:0D72H         LINE#         2140
  C:0D72H         LINE#         2141
  C:0D77H         LINE#         2143
  C:0D7CH         LINE#         2144
  C:0D81H         LINE#         2145
  C:0D86H         LINE#         2146
  C:0D8BH         LINE#         2147
  C:0D90H         LINE#         2148
  C:0D95H         LINE#         2149
  C:0D9AH         LINE#         2150
  C:0D9FH         LINE#         2151
  C:0DA4H         LINE#         2152
  C:0DA9H         LINE#         2153
[...]
  C:3782H         LINE#         268
  C:3782H         LINE#         269
  C:3787H         LINE#         270
  C:3787H         LINE#         272
  C:3791H         LINE#         273
  C:3791H         LINE#         274
  C:3798H         LINE#         275
  C:379AH         LINE#         276
  C:37A1H         LINE#         277
  C:37AAH         LINE#         278
  C:37ACH         LINE#         280
  C:37ACH         LINE#         281
  C:37B6H         LINE#         282
  C:37B6H         LINE#         283
  C:37B8H         LINE#         284
  C:37BEH         LINE#         285
  C:37C1H         LINE#         286
  C:37C4H         LINE#         287
  C:37C6H         LINE#         288
  C:37C6H         LINE#         289
  C:37C6H         LINE#         292
  C:37C6H         LINE#         294
  C:37D2H         LINE#         295
  C:37D2H         LINE#         297
  C:37D2H         LINE#         298
  C:37DAH         LINE#         299
  C:37DAH         LINE#         300
  C:37DDH         LINE#         301
  C:37DDH         LINE#         302
  C:37DFH         LINE#         303
  C:37E2H         LINE#         304
  C:37E2H         LINE#         305
  C:37E5H         LINE#         306
  C:37E5H         LINE#         307
  C:37E7H         LINE#         308
  C:37EEH         LINE#         311
  C:37F8H         LINE#         312
  C:37F8H         LINE#         313
  C:37FAH         LINE#         315
  C:3801H         LINE#         316
  C:3803H         LINE#         317
  C:380AH         LINE#         318
  C:3813H         LINE#         319
  C:3815H         LINE#         321
  C:3815H         LINE#         322
  C:381FH         LINE#         323
  C:381FH         LINE#         324
  C:3821H         LINE#         325
  C:3826H         LINE#         326
  C:3826H         LINE#         327
BL51 BANKED LINKER/LOCATER V6.22.2.0                                                  03/24/2021  20:14:17  PAGE 57


  C:3826H         LINE#         328
  C:3826H         LINE#         329
  C:3826H         LINE#         330
  C:3826H         LINE#         338
  C:3826H         LINE#         339
  C:3828H         LINE#         341
  C:3828H         LINE#         342
  C:382BH         LINE#         343
  C:382BH         LINE#         344
  C:382DH         LINE#         345
  C:3834H         LINE#         346
  C:3834H         LINE#         348
  C:3836H         LINE#         349
  C:383BH         LINE#         350
  C:383BH         LINE#         351
  C:383BH         LINE#         352
  C:383BH         LINE#         353
  C:383BH         LINE#         354
  C:383DH         LINE#         356
  C:383DH         LINE#         357
  C:3840H         LINE#         358
  C:3840H         LINE#         359
  C:3842H         LINE#         360
  C:3849H         LINE#         361
  C:3849H         LINE#         363
  C:384BH         LINE#         364
  C:3851H         LINE#         365
  C:3854H         LINE#         366
  C:3857H         LINE#         367
  C:3859H         LINE#         368
  C:3859H         LINE#         369
  C:3859H         LINE#         370
  C:385EH         LINE#         371
  C:3862H         LINE#         376
  C:3865H         LINE#         377
  C:386BH         LINE#         378
  C:386BH         LINE#         379
  C:3876H         LINE#         380
  C:3876H         LINE#         381
  C:3888H         LINE#         382
  C:3888H         LINE#         384
  C:38A0H         LINE#         386
  C:38A8H         LINE#         400
  C:38B3H         LINE#         401
  C:38B3H         LINE#         402
  C:38C5H         LINE#         403
  C:38C5H         LINE#         404
  C:38DDH         LINE#         405
  C:38E5H         LINE#         406
  C:38EBH         LINE#         408
  C:38EEH         LINE#         409
  C:38FCH         LINE#         410
  C:38FCH         LINE#         412
  C:3904H         LINE#         413
  C:3904H         LINE#         416
  C:390EH         LINE#         417
  C:390EH         LINE#         418
BL51 BANKED LINKER/LOCATER V6.22.2.0                                                  03/24/2021  20:14:17  PAGE 58


  C:3915H         LINE#         419
  C:391CH         LINE#         420
  C:391EH         LINE#         422
  C:3926H         LINE#         423
  C:3928H         LINE#         425
  C:3928H         LINE#         426
  C:3932H         LINE#         427
  C:3932H         LINE#         428
  C:3934H         LINE#         429
  C:393AH         LINE#         430
  C:393DH         LINE#         431
  C:3940H         LINE#         432
  C:3942H         LINE#         433
  C:3942H         LINE#         434
  C:3942H         LINE#         435
  C:3942H         LINE#         436
  C:394DH         LINE#         437
  C:394DH         LINE#         440
  C:394FH         LINE#         441
  C:3952H         LINE#         442
  C:3952H         LINE#         444
  C:3955H         LINE#         445
  C:3955H         LINE#         447
  C:3958H         LINE#         448
  C:3958H         LINE#         449
  C:395AH         LINE#         450
  C:3961H         LINE#         453
  C:396BH         LINE#         454
  C:396BH         LINE#         455
  C:396DH         LINE#         456
  C:3974H         LINE#         457
  C:3976H         LINE#         458
  C:397DH         LINE#         459
  C:3986H         LINE#         460
  C:3988H         LINE#         462
  C:3988H         LINE#         463
  C:3992H         LINE#         464
  C:3992H         LINE#         465
  C:3994H         LINE#         466
  C:3999H         LINE#         467
  C:3999H         LINE#         468
  C:3999H         LINE#         469
  C:3999H         LINE#         470
  C:3999H         LINE#         471
  C:3999H         LINE#         478
  C:3999H         LINE#         479
  C:399BH         LINE#         481
  C:399BH         LINE#         482
  C:399EH         LINE#         483
  C:399EH         LINE#         484
  C:39A0H         LINE#         485
  C:39A7H         LINE#         486
  C:39A7H         LINE#         488
  C:39A9H         LINE#         489
  C:39AEH         LINE#         490
  C:39AEH         LINE#         491
  C:39AEH         LINE#         492
BL51 BANKED LINKER/LOCATER V6.22.2.0                                                  03/24/2021  20:14:17  PAGE 59


  C:39AEH         LINE#         493
  C:39AEH         LINE#         494
  C:39B0H         LINE#         496
  C:39B0H         LINE#         497
  C:39B3H         LINE#         498
  C:39B3H         LINE#         499
  C:39B5H         LINE#         500
  C:39BCH         LINE#         501
  C:39BEH         LINE#         502
  C:39C4H         LINE#         503
  C:39C7H         LINE#         504
  C:39CAH         LINE#         505
  C:39CCH         LINE#         506
  C:39CCH         LINE#         510
  C:39CCH         LINE#         511
  C:39CCH         LINE#         513
  C:39DEH         LINE#         514
  C:39DEH         LINE#         515
  C:39F7H         LINE#         516
  C:39FFH         LINE#         517
  C:3A05H         LINE#         518
  C:3A07H         LINE#         519
  C:3A07H         LINE#         520
  C:3A09H         LINE#         521
  C:3A16H         LINE#         522
  C:3A16H         LINE#         523
  C:3A1BH         LINE#         524
  C:3A20H         LINE#         525
  C:3A20H         LINE#         527
  C:3A22H         LINE#         529
  C:3A22H         LINE#         530
  C:3A27H         LINE#         531
  C:3A27H         LINE#         532
  C:3A27H         LINE#         533
  C:3A27H         LINE#         537
  C:3A2AH         LINE#         538
  C:3A2AH         LINE#         539
  C:3A2CH         LINE#         540
  C:3A2EH         LINE#         541
  C:3A2EH         LINE#         542
  -------         ENDPROC       COM_ISR
  -------         PROC          _ESCRIBIRCADENASOFT
  D:0006H         SYMBOL        tamano_cadena
  -------         DO            
  D:0005H         SYMBOL        i
  -------         ENDDO         
  C:49A4H         LINE#         589
  C:49A6H         LINE#         590
  C:49A6H         LINE#         593
  C:49ADH         LINE#         594
  C:49ADH         LINE#         595
  C:49BCH         LINE#         596
  C:49BFH         LINE#         598
  -------         ENDPROC       _ESCRIBIRCADENASOFT
  -------         ENDMOD        UART

  -------         MODULE        DISPLAY
BL51 BANKED LINKER/LOCATER V6.22.2.0                                                  03/24/2021  20:14:17  PAGE 60


  C:0000H         SYMBOL        _ICE_DUMMY_
  D:0080H         PUBLIC        P0
  D:0090H         PUBLIC        P1
  C:4AC0H         PUBLIC        Borra_all
  C:4A26H         PUBLIC        borra
  C:4A0DH         PUBLIC        _vdato
  C:4AA6H         PUBLIC        wait_ancho
  B:0090H.0       PUBLIC        RS
  C:49C0H         PUBLIC        BorraLCD_L1
  C:49DAH         PUBLIC        BorraLCD_L2
  C:4A53H         PUBLIC        _cont
  C:4A4BH         PUBLIC        pulso
  C:0012H         PUBLIC        wait
  C:4818H         PUBLIC        relayIO
  C:4916H         PUBLIC        _lcd_gotoxy
  B:0090H.1       PUBLIC        E
  C:4A81H         PUBLIC        wait_long
  C:0016H         PUBLIC        _lcd_text
  C:46F0H         PUBLIC        prg_disp
  C:4871H         PUBLIC        _lcd_puts
  B:0090H.2       PUBLIC        sw_1
  C:4A69H         PUBLIC        _wait_long1
  B:0090H.3       PUBLIC        sw_2
  C:489BH         PUBLIC        ve_dir
  -------         PROC          WAIT
  C:0012H         LINE#         25
  C:0012H         LINE#         27
  -------         ENDPROC       WAIT
  -------         PROC          RELAYIO
  C:4818H         LINE#         30
  C:4818H         LINE#         31
  C:4818H         LINE#         32
  C:481DH         LINE#         34
  C:4820H         LINE#         35
  C:4820H         LINE#         36
  C:4824H         LINE#         37
  C:4825H         LINE#         38
  C:4828H         LINE#         39
  C:4828H         LINE#         40
  C:482FH         LINE#         41
  C:4830H         LINE#         43
  C:4833H         LINE#         44
  C:4833H         LINE#         45
  C:483AH         LINE#         46
  C:483BH         LINE#         47
  C:483EH         LINE#         48
  C:483EH         LINE#         49
  C:4845H         LINE#         50
  C:4845H         LINE#         51
  -------         ENDPROC       RELAYIO
  -------         PROC          _WAIT_LONG1
  D:0006H         SYMBOL        t
  -------         DO            
  D:0004H         SYMBOL        j
  -------         ENDDO         
  C:4A69H         LINE#         52
  C:4A69H         LINE#         54
BL51 BANKED LINKER/LOCATER V6.22.2.0                                                  03/24/2021  20:14:17  PAGE 61


  C:4A73H         LINE#         55
  C:4A73H         LINE#         56
  C:4A76H         LINE#         57
  C:4A7DH         LINE#         58
  -------         ENDPROC       _WAIT_LONG1
  -------         PROC          L?0061
  -------         ENDPROC       L?0061
  -------         PROC          WAIT_LONG
  -------         DO            
  D:0006H         SYMBOL        j
  -------         ENDDO         
  C:4A81H         LINE#         60
  C:4A81H         LINE#         62
  C:4A84H         LINE#         63
  C:4A84H         LINE#         64
  C:4A87H         LINE#         65
  C:4A92H         LINE#         66
  -------         ENDPROC       WAIT_LONG
  -------         PROC          WAIT_ANCHO
  -------         DO            
  D:0006H         SYMBOL        j
  -------         ENDDO         
  C:4AA6H         LINE#         68
  C:4AA6H         LINE#         70
  C:4AA9H         LINE#         71
  C:4AA9H         LINE#         72
  C:4AACH         LINE#         73
  C:4AB7H         LINE#         74
  -------         ENDPROC       WAIT_ANCHO
  -------         PROC          L?0060
  -------         ENDPROC       L?0060
  -------         PROC          PULSO
  C:4A4BH         LINE#         76
  C:4A4BH         LINE#         77
  C:4A4BH         LINE#         80
  C:4A4DH         LINE#         81
  C:4A50H         LINE#         82
  C:4A52H         LINE#         84
  -------         ENDPROC       PULSO
  -------         PROC          _CONT
  D:0005H         SYMBOL        caracter
  C:4A53H         LINE#         86
  C:4A55H         LINE#         87
  C:4A55H         LINE#         88
  C:4A57H         LINE#         89
  C:4A57H         LINE#         90
  C:4A57H         LINE#         91
  C:4A5AH         LINE#         92
  C:4A5FH         LINE#         93
  C:4A66H         LINE#         94
  -------         ENDPROC       _CONT
  -------         PROC          BORRA
  -------         DO            
  D:0006H         SYMBOL        i
  -------         ENDDO         
  C:4A26H         LINE#         97
  C:4A26H         LINE#         98
BL51 BANKED LINKER/LOCATER V6.22.2.0                                                  03/24/2021  20:14:17  PAGE 62


  C:4A26H         LINE#         100
  C:4A2BH         LINE#         101
  C:4A2EH         LINE#         102
  C:4A2EH         LINE#         103
  C:4A31H         LINE#         104
  C:4A3CH         LINE#         105
  -------         ENDPROC       BORRA
  -------         PROC          PRG_DISP
  C:46F0H         LINE#         109
  C:46F0H         LINE#         110
  C:46F0H         LINE#         111
  C:46F2H         LINE#         112
  C:46F5H         LINE#         113
  C:46F7H         LINE#         114
  C:46FAH         LINE#         116
  C:46FDH         LINE#         117
  C:46FDH         LINE#         118
  C:4700H         LINE#         119
  C:4700H         LINE#         120
  C:4703H         LINE#         121
  C:4706H         LINE#         122
  C:4709H         LINE#         124
  C:470CH         LINE#         125
  C:470FH         LINE#         126
  C:4712H         LINE#         127
  C:4717H         LINE#         129
  C:471AH         LINE#         130
  C:471DH         LINE#         131
  C:4722H         LINE#         132
  C:4725H         LINE#         133
  C:472AH         LINE#         134
  C:472DH         LINE#         137
  C:4730H         LINE#         138
  C:4736H         LINE#         139
  -------         ENDPROC       PRG_DISP
  -------         PROC          _VDATO
  D:0005H         SYMBOL        caracter
  C:4A0DH         LINE#         141
  C:4A0FH         LINE#         142
  C:4A0FH         LINE#         143
  C:4A11H         LINE#         144
  C:4A14H         LINE#         145
  C:4A14H         LINE#         147
  C:4A14H         LINE#         148
  C:4A17H         LINE#         149
  C:4A1CH         LINE#         150
  C:4A23H         LINE#         151
  -------         ENDPROC       _VDATO
  -------         PROC          _LCD_GOTOXY
  D:0006H         SYMBOL        x
  D:0005H         SYMBOL        y
  C:4916H         LINE#         155
  C:4918H         LINE#         156
  C:4918H         LINE#         157
  C:4926H         LINE#         158
  C:4926H         LINE#         159
  C:492BH         LINE#         160
BL51 BANKED LINKER/LOCATER V6.22.2.0                                                  03/24/2021  20:14:17  PAGE 63


  C:4930H         LINE#         161
  C:4935H         LINE#         162
  C:493CH         LINE#         163
  C:493CH         LINE#         164
  -------         ENDPROC       _LCD_GOTOXY
  -------         PROC          _LCD_PUTS
  X:027BH         SYMBOL        str
  -------         DO            
  D:0004H         SYMBOL        i
  -------         ENDDO         
  C:4871H         LINE#         168
  C:487CH         LINE#         169
  C:487CH         LINE#         171
  C:4894H         LINE#         172
  C:4894H         LINE#         174
  C:4897H         LINE#         176
  C:489AH         LINE#         178
  -------         ENDPROC       _LCD_PUTS
  -------         PROC          _LCD_TEXT
  D:0006H         SYMBOL        row
  D:0005H         SYMBOL        offset
  D:0001H         SYMBOL        lcd
  C:0016H         LINE#         179
  C:0018H         LINE#         180
  C:0018H         LINE#         181
  C:001FH         LINE#         182
  -------         ENDPROC       _LCD_TEXT
  -------         PROC          VE_DIR
  C:489BH         LINE#         185
  C:489BH         LINE#         186
  C:489BH         LINE#         187
  C:489DH         LINE#         188
  C:489FH         LINE#         190
  C:48A2H         LINE#         191
  C:48A8H         LINE#         193
  C:48ABH         LINE#         194
  C:48ABH         LINE#         195
  C:48AEH         LINE#         196
  C:48AEH         LINE#         197
  C:48B1H         LINE#         198
  C:48B1H         LINE#         199
  C:48B8H         LINE#         200
  C:48B8H         LINE#         201
  C:48BDH         LINE#         202
  -------         ENDPROC       VE_DIR
  -------         PROC          BORRALCD_L1
  -------         DO            
  D:0004H         SYMBOL        k
  -------         ENDDO         
  C:49C0H         LINE#         206
  C:49C0H         LINE#         207
  C:49C0H         LINE#         210
  C:49C5H         LINE#         211
  C:49D1H         LINE#         212
  C:49D1H         LINE#         213
  C:49D6H         LINE#         214
  C:49D9H         LINE#         215
BL51 BANKED LINKER/LOCATER V6.22.2.0                                                  03/24/2021  20:14:17  PAGE 64


  -------         ENDPROC       BORRALCD_L1
  -------         PROC          BORRALCD_L2
  -------         DO            
  D:0004H         SYMBOL        k
  -------         ENDDO         
  C:49DAH         LINE#         217
  C:49DAH         LINE#         218
  C:49DAH         LINE#         221
  C:49DFH         LINE#         222
  C:49EBH         LINE#         223
  C:49EBH         LINE#         224
  C:49F0H         LINE#         225
  C:49F3H         LINE#         226
  -------         ENDPROC       BORRALCD_L2
  -------         PROC          BORRA_ALL
  C:4AC0H         LINE#         227
  C:4AC0H         LINE#         228
  C:4AC0H         LINE#         229
  C:4AC3H         LINE#         230
  -------         ENDPROC       BORRA_ALL
  -------         ENDMOD        DISPLAY

  -------         MODULE        ?C?COPY
  C:3E6CH         PUBLIC        ?C?COPY
  -------         ENDMOD        ?C?COPY

  -------         MODULE        ?C?CLDOPTR
  C:3E92H         PUBLIC        ?C?CLDOPTR
  -------         ENDMOD        ?C?CLDOPTR

  -------         MODULE        ?C?LSTXDATA
  C:3EBFH         PUBLIC        ?C?LSTXDATA
  -------         ENDMOD        ?C?LSTXDATA

  -------         MODULE        ?C?LSTKXDATA
  C:3ECBH         PUBLIC        ?C?LSTKXDATA
  -------         ENDMOD        ?C?LSTKXDATA

  -------         MODULE        PRINTF
  X:0276H         PUBLIC        ?_PRINTF517?BYTE
  X:0276H         PUBLIC        ?_PRINTF?BYTE
  X:0276H         PUBLIC        ?_SPRINTF517?BYTE
  X:0276H         PUBLIC        ?_SPRINTF?BYTE
  C:3AA2H         PUBLIC        _PRINTF
  C:3AA2H         PUBLIC        _PRINTF517
  C:3A9CH         PUBLIC        _SPRINTF
  C:3A9CH         PUBLIC        _SPRINTF517
  -------         ENDMOD        PRINTF

  -------         MODULE        ?C?CLDPTR
  C:3EFCH         PUBLIC        ?C?CLDPTR
  -------         ENDMOD        ?C?CLDPTR

  -------         MODULE        ?C?CSTPTR
  C:3F15H         PUBLIC        ?C?CSTPTR
  -------         ENDMOD        ?C?CSTPTR

BL51 BANKED LINKER/LOCATER V6.22.2.0                                                  03/24/2021  20:14:17  PAGE 65


  -------         MODULE        ?C?PLDIXDATA
  C:3F27H         PUBLIC        ?C?PLDIXDATA
  -------         ENDMOD        ?C?PLDIXDATA

  -------         MODULE        ?C?PSTXDATA
  C:3F3EH         PUBLIC        ?C?PSTXDATA
  -------         ENDMOD        ?C?PSTXDATA

  -------         MODULE        ?C?CCASE
  C:3F47H         PUBLIC        ?C?CCASE
  -------         ENDMOD        ?C?CCASE

  -------         MODULE        PUTCHAR
  C:493DH         PUBLIC        _PUTCHAR
  -------         ENDMOD        PUTCHAR

Program Size: data=27.7 xdata=714 code=19154
LINK/LOCATE RUN COMPLETE.  0 WARNING(S),  0 ERROR(S)
